157.55.39.52 - - [29/Apr/2018:23:19:40 +0200] "GET /robots.txt HTTP/1.1" 403 169 "-" "Mozilla/5.0 (compatible; bingbot/2.0; +http://www.bing.com/bingbot.htm)"
207.46.13.66 - - [29/Apr/2018:23:19:43 +0200] "GET / HTTP/1.1" 403 169 "-" "Mozilla/5.0 (compatible; bingbot/2.0; +http://www.bing.com/bingbot.htm)"
66.249.64.193 - - [29/Apr/2018:23:26:05 +0200] "GET /robots.txt HTTP/1.1" 301 185 "-" "Mozilla/5.0 (compatible; Googlebot/2.1; +http://www.google.com/bot.html)"
66.249.64.133 - - [29/Apr/2018:23:47:05 +0200] "GET / HTTP/1.1" 301 185 "-" "Mozilla/5.0 (compatible; Googlebot/2.1; +http://www.google.com/bot.html)"
66.249.70.17 - - [29/Apr/2018:23:51:50 +0200] "GET / HTTP/1.1" 301 185 "-" "Mozilla/5.0 (compatible; Googlebot/2.1; +http://www.google.com/bot.html)"
66.249.64.27 - - [29/Apr/2018:23:56:57 +0200] "GET / HTTP/1.1" 301 185 "-" "Mozilla/5.0 (Linux; Android 6.0.1; Nexus 5X Build/MMB29P) AppleWebKit/537.36 (KHTML, like Gecko) Chrome/41.0.2272.96 Mobile Safari/537.36 (compatible; Googlebot/2.1; +http://www.google.com/bot.html)"
66.249.64.23 - - [30/Apr/2018:00:02:40 +0200] "GET / HTTP/1.1" 403 571 "-" "Mozilla/5.0 (Linux; Android 6.0.1; Nexus 5X Build/MMB29P) AppleWebKit/537.36 (KHTML, like Gecko) Chrome/41.0.2272.96 Mobile Safari/537.36 (compatible; Googlebot/2.1; +http://www.google.com/bot.html)"
66.249.64.22 - - [30/Apr/2018:00:02:41 +0200] "GET / HTTP/1.1" 403 571 "-" "Mozilla/5.0 (Linux; Android 6.0.1; Nexus 5X Build/MMB29P) AppleWebKit/537.36 (KHTML, like Gecko) Chrome/41.0.2272.96 Mobile Safari/537.36 (compatible; Googlebot/2.1; +http://www.google.com/bot.html)"
103.96.75.6 - - [30/Apr/2018:00:14:53 +0200] "PROPFIND / HTTP/1.1" 444 0 "-" "-"
103.96.75.6 - - [30/Apr/2018:00:14:54 +0200] "POST /wls-wsat/CoordinatorPortType HTTP/1.1" 444 0 "-" "Mozilla/5.0 (Windows NT 6.1; rv:5.0) Gecko/20100101 Firefox/5.0"
103.96.75.6 - - [30/Apr/2018:00:14:55 +0200] "GET /index.php HTTP/1.1" 444 0 "-" "Mozilla/5.0"
103.96.75.6 - - [30/Apr/2018:00:14:56 +0200] "GET /phpmyadmin/index.php HTTP/1.1" 444 0 "-" "Mozilla/5.0"
103.96.75.6 - - [30/Apr/2018:00:14:59 +0200] "GET /pmd/index.php HTTP/1.1" 444 0 "-" "Mozilla/5.0"
103.96.75.6 - - [30/Apr/2018:00:15:00 +0200] "GET /pma/index.php HTTP/1.1" 444 0 "-" "Mozilla/5.0"
103.96.75.6 - - [30/Apr/2018:00:15:03 +0200] "GET /PMA2/index.php HTTP/1.1" 444 0 "-" "Mozilla/5.0"
103.96.75.6 - - [30/Apr/2018:00:15:04 +0200] "GET /pmamy/index.php HTTP/1.1" 444 0 "-" "Mozilla/5.0"
103.96.75.6 - - [30/Apr/2018:00:15:07 +0200] "GET /mysql/index.php HTTP/1.1" 444 0 "-" "Mozilla/5.0"
103.96.75.6 - - [30/Apr/2018:00:15:08 +0200] "GET /admin/index.php HTTP/1.1" 444 0 "-" "Mozilla/5.0"
103.96.75.6 - - [30/Apr/2018:00:15:08 +0200] "GET /db/index.php HTTP/1.1" 444 0 "-" "Mozilla/5.0"
103.96.75.6 - - [30/Apr/2018:00:15:09 +0200] "GET /dbadmin/index.php HTTP/1.1" 444 0 "-" "Mozilla/5.0"
103.96.75.6 - - [30/Apr/2018:00:15:11 +0200] "GET /web/phpMyAdmin/index.php HTTP/1.1" 444 0 "-" "Mozilla/5.0"
103.96.75.6 - - [30/Apr/2018:00:15:12 +0200] "GET /admin/pma/index.php HTTP/1.1" 444 0 "-" "Mozilla/5.0"
103.96.75.6 - - [30/Apr/2018:00:15:12 +0200] "GET /admin/PMA/index.php HTTP/1.1" 444 0 "-" "Mozilla/5.0"
103.96.75.6 - - [30/Apr/2018:00:15:13 +0200] "GET /admin/mysql/index.php HTTP/1.1" 444 0 "-" "Mozilla/5.0"
103.96.75.6 - - [30/Apr/2018:00:15:15 +0200] "GET /admin/mysql2/index.php HTTP/1.1" 444 0 "-" "Mozilla/5.0"
103.96.75.6 - - [30/Apr/2018:00:15:16 +0200] "GET /admin/phpmyadmin/index.php HTTP/1.1" 444 0 "-" "Mozilla/5.0"
103.96.75.6 - - [30/Apr/2018:00:15:16 +0200] "GET /admin/phpMyAdmin/index.php HTTP/1.1" 444 0 "-" "Mozilla/5.0"
103.96.75.6 - - [30/Apr/2018:00:15:17 +0200] "GET /admin/phpmyadmin2/index.php HTTP/1.1" 444 0 "-" "Mozilla/5.0"
103.96.75.6 - - [30/Apr/2018:00:15:19 +0200] "GET /mysqladmin/index.php HTTP/1.1" 444 0 "-" "Mozilla/5.0"
103.96.75.6 - - [30/Apr/2018:00:15:20 +0200] "GET /mysql-admin/index.php HTTP/1.1" 444 0 "-" "Mozilla/5.0"
103.96.75.6 - - [30/Apr/2018:00:15:20 +0200] "GET /phpadmin/index.php HTTP/1.1" 444 0 "-" "Mozilla/5.0"
103.96.75.6 - - [30/Apr/2018:00:15:21 +0200] "GET /phpmyadmin0/index.php HTTP/1.1" 444 0 "-" "Mozilla/5.0"
103.96.75.6 - - [30/Apr/2018:00:15:21 +0200] "GET /phpmyadmin1/index.php HTTP/1.1" 444 0 "-" "Mozilla/5.0"
103.96.75.6 - - [30/Apr/2018:00:15:23 +0200] "GET /myadmin/index.php HTTP/1.1" 444 0 "-" "Mozilla/5.0"
103.96.75.6 - - [30/Apr/2018:00:15:24 +0200] "GET /myadmin2/index.php HTTP/1.1" 444 0 "-" "Mozilla/5.0"
103.96.75.6 - - [30/Apr/2018:00:15:24 +0200] "GET /xampp/phpmyadmin/index.php HTTP/1.1" 444 0 "-" "Mozilla/5.0"
103.96.75.6 - - [30/Apr/2018:00:15:25 +0200] "GET /phpMyadmin_bak/index.php HTTP/1.1" 444 0 "-" "Mozilla/5.0"
103.96.75.6 - - [30/Apr/2018:00:15:26 +0200] "GET /www/phpMyAdmin/index.php HTTP/1.1" 444 0 "-" "Mozilla/5.0"
103.96.75.6 - - [30/Apr/2018:00:15:27 +0200] "GET /phpmyadmin-old/index.php HTTP/1.1" 444 0 "-" "Mozilla/5.0"
103.96.75.6 - - [30/Apr/2018:00:15:28 +0200] "GET /phpMyAdminold/index.php HTTP/1.1" 444 0 "-" "Mozilla/5.0"
103.96.75.6 - - [30/Apr/2018:00:15:28 +0200] "GET /pma-old/index.php HTTP/1.1" 444 0 "-" "Mozilla/5.0"
103.96.75.6 - - [30/Apr/2018:00:15:29 +0200] "GET /claroline/phpMyAdmin/index.php HTTP/1.1" 444 0 "-" "Mozilla/5.0"
103.96.75.6 - - [30/Apr/2018:00:15:29 +0200] "GET /typo3/phpmyadmin/index.php HTTP/1.1" 444 0 "-" "Mozilla/5.0"
103.96.75.6 - - [30/Apr/2018:00:15:30 +0200] "GET /phpma/index.php HTTP/1.1" 444 0 "-" "Mozilla/5.0"
103.96.75.6 - - [30/Apr/2018:00:15:31 +0200] "GET /phpmyadmin/phpmyadmin/index.php HTTP/1.1" 444 0 "-" "Mozilla/5.0"
66.249.64.84 - - [30/Apr/2018:00:17:36 +0200] "GET / HTTP/1.1" 301 185 "-" "Mozilla/5.0 (Linux; Android 6.0.1; Nexus 5X Build/MMB29P) AppleWebKit/537.36 (KHTML, like Gecko) Chrome/41.0.2272.96 Mobile Safari/537.36 (compatible; Googlebot/2.1; +http://www.google.com/bot.html)"
66.249.64.20 - - [30/Apr/2018:00:22:45 +0200] "GET / HTTP/1.1" 301 185 "-" "Mozilla/5.0 (compatible; Googlebot/2.1; +http://www.google.com/bot.html)"
66.249.64.22 - - [30/Apr/2018:00:27:43 +0200] "GET / HTTP/1.1" 301 185 "-" "Mozilla/5.0 (Linux; Android 6.0.1; Nexus 5X Build/MMB29P) AppleWebKit/537.36 (KHTML, like Gecko) Chrome/41.0.2272.96 Mobile Safari/537.36 (compatible; Googlebot/2.1; +http://www.google.com/bot.html)"
204.13.201.138 - - [30/Apr/2018:00:30:05 +0200] "GET / HTTP/1.1" 301 185 "http://www.bing.com" "Mozilla/5.0 (compatible; MSIE 8.0; Windows NT 6.1; Trident/4.0; .NET CLR 2.0.50727; .NET CLR 3.5.30729; .NET CLR 3.0.30729; .NET CLR 1.0.3705; .NET CLR 1.1.4322)"
52.87.177.62 - - [30/Apr/2018:00:33:29 +0200] "GET / HTTP/1.1" 301 185 "-" "Mozilla/4.0 (compatible; MSIE 8.0; Windows NT 5.1; Trident/4.0)"
34.205.73.46 - - [30/Apr/2018:00:34:06 +0200] "GET / HTTP/1.1" 301 185 "-" "Mozilla/4.0 (compatible; MSIE 8.0; Windows NT 5.1; Trident/4.0)"
50.112.194.65 - - [30/Apr/2018:00:34:22 +0200] "GET / HTTP/1.1" 301 185 "-" "Mozilla/4.0 (compatible; MSIE 8.0; Windows NT 5.1; Trident/4.0)"
52.27.2.86 - - [30/Apr/2018:00:35:27 +0200] "GET / HTTP/1.1" 301 185 "-" "Mozilla/4.0 (compatible; MSIE 8.0; Windows NT 5.1; Trident/4.0)"
208.87.233.140 - - [30/Apr/2018:00:37:24 +0200] "GET / HTTP/1.1" 301 185 "-" "Mozilla/5.0 (Windows NT 5.1) Gecko/20100101 Firefox/4.0.1"
66.249.64.24 - - [30/Apr/2018:00:42:55 +0200] "GET / HTTP/1.1" 403 571 "-" "Mozilla/5.0 (Linux; Android 6.0.1; Nexus 5X Build/MMB29P) AppleWebKit/537.36 (KHTML, like Gecko) Chrome/41.0.2272.96 Mobile Safari/537.36 (compatible; Googlebot/2.1; +http://www.google.com/bot.html)"
118.219.252.196 - - [30/Apr/2018:00:43:27 +0200] "GET / HTTP/1.1" 301 185 "-" "Python-urllib/2.7"
66.249.70.17 - - [30/Apr/2018:01:03:27 +0200] "GET / HTTP/1.1" 301 185 "-" "Mozilla/5.0 (Linux; Android 6.0.1; Nexus 5X Build/MMB29P) AppleWebKit/537.36 (KHTML, like Gecko) Chrome/41.0.2272.96 Mobile Safari/537.36 (compatible; Googlebot/2.1; +http://www.google.com/bot.html)"
66.249.70.3 - - [30/Apr/2018:01:08:25 +0200] "GET / HTTP/1.1" 301 185 "-" "Mozilla/5.0 (compatible; Googlebot/2.1; +http://www.google.com/bot.html)"
66.249.70.3 - - [30/Apr/2018:01:13:35 +0200] "GET / HTTP/1.1" 301 185 "-" "Mozilla/5.0 (Linux; Android 6.0.1; Nexus 5X Build/MMB29P) AppleWebKit/537.36 (KHTML, like Gecko) Chrome/41.0.2272.96 Mobile Safari/537.36 (compatible; Googlebot/2.1; +http://www.google.com/bot.html)"
66.249.64.23 - - [30/Apr/2018:01:18:45 +0200] "GET / HTTP/1.1" 403 169 "-" "Mozilla/5.0 (compatible; Googlebot/2.1; +http://www.google.com/bot.html)"
66.249.64.216 - - [30/Apr/2018:01:39:15 +0200] "GET / HTTP/1.1" 301 185 "-" "Mozilla/5.0 (compatible; Googlebot/2.1; +http://www.google.com/bot.html)"
66.249.64.216 - - [30/Apr/2018:01:49:16 +0200] "GET / HTTP/1.1" 301 185 "-" "Mozilla/5.0 (Linux; Android 6.0.1; Nexus 5X Build/MMB29P) AppleWebKit/537.36 (KHTML, like Gecko) Chrome/41.0.2272.96 Mobile Safari/537.36 (compatible; Googlebot/2.1; +http://www.google.com/bot.html)"
207.46.13.36 - - [30/Apr/2018:02:03:26 +0200] "GET / HTTP/1.1" 301 185 "-" "Mozilla/5.0 (compatible; bingbot/2.0; +http://www.bing.com/bingbot.htm)"
66.249.64.24 - - [30/Apr/2018:02:04:37 +0200] "GET / HTTP/1.1" 403 169 "-" "Mozilla/5.0 (compatible; Googlebot/2.1; +http://www.google.com/bot.html)"
45.33.20.249 - - [30/Apr/2018:02:06:13 +0200] "GET / HTTP/1.1" 301 185 "-" "\x22Mozilla/5.0 (X11; Linux x86_64) AppleWebKit/537.36 (KHTML, like Gecko) Chrome/60.0.3112.50 Safari/537.36\x22"
66.249.64.27 - - [30/Apr/2018:02:19:47 +0200] "GET / HTTP/1.1" 301 185 "-" "Mozilla/5.0 (compatible; Googlebot/2.1; +http://www.google.com/bot.html)"
66.249.64.24 - - [30/Apr/2018:02:24:48 +0200] "GET / HTTP/1.1" 403 169 "-" "Mozilla/5.0 (compatible; Googlebot/2.1; +http://www.google.com/bot.html)"
66.249.64.67 - - [30/Apr/2018:02:34:57 +0200] "GET / HTTP/1.1" 301 185 "-" "Mozilla/5.0 (compatible; Googlebot/2.1; +http://www.google.com/bot.html)"
66.249.64.133 - - [30/Apr/2018:02:55:05 +0200] "GET / HTTP/1.1" 301 185 "-" "Mozilla/5.0 (Linux; Android 6.0.1; Nexus 5X Build/MMB29P) AppleWebKit/537.36 (KHTML, like Gecko) Chrome/41.0.2272.96 Mobile Safari/537.36 (compatible; Googlebot/2.1; +http://www.google.com/bot.html)"
66.249.64.130 - - [30/Apr/2018:02:55:05 +0200] "GET /robots.txt HTTP/1.1" 301 185 "-" "Mozilla/5.0 (compatible; Googlebot/2.1; +http://www.google.com/bot.html)"
66.249.70.8 - - [30/Apr/2018:03:00:05 +0200] "GET /robots.txt HTTP/1.1" 403 169 "-" "Mozilla/5.0 (compatible; Googlebot/2.1; +http://www.google.com/bot.html)"
66.249.70.8 - - [30/Apr/2018:03:00:06 +0200] "GET / HTTP/1.1" 403 571 "-" "Mozilla/5.0 (Linux; Android 6.0.1; Nexus 5X Build/MMB29P) AppleWebKit/537.36 (KHTML, like Gecko) Chrome/41.0.2272.96 Mobile Safari/537.36 (compatible; Googlebot/2.1; +http://www.google.com/bot.html)"
66.249.64.156 - - [30/Apr/2018:03:10:11 +0200] "GET /robots.txt HTTP/1.1" 403 169 "-" "Mozilla/5.0 (compatible; Googlebot/2.1; +http://www.google.com/bot.html)"
66.249.64.156 - - [30/Apr/2018:03:10:11 +0200] "GET / HTTP/1.1" 403 169 "-" "Mozilla/5.0 (compatible; Googlebot/2.1; +http://www.google.com/bot.html)"
157.55.39.52 - - [30/Apr/2018:03:11:07 +0200] "GET /robots.txt HTTP/1.1" 403 169 "-" "Mozilla/5.0 (compatible; bingbot/2.0; +http://www.bing.com/bingbot.htm)"
157.55.39.52 - - [30/Apr/2018:03:11:08 +0200] "GET /robots.txt HTTP/1.1" 403 169 "-" "Mozilla/5.0 (compatible; bingbot/2.0; +http://www.bing.com/bingbot.htm)"
207.46.13.66 - - [30/Apr/2018:03:11:11 +0200] "GET / HTTP/1.1" 403 169 "-" "Mozilla/5.0 (compatible; bingbot/2.0; +http://www.bing.com/bingbot.htm)"
66.249.70.12 - - [30/Apr/2018:03:15:07 +0200] "GET / HTTP/1.1" 403 169 "-" "Mozilla/5.0 (compatible; Googlebot/2.1; +http://www.google.com/bot.html)"
66.249.64.130 - - [30/Apr/2018:03:30:12 +0200] "GET / HTTP/1.1" 301 185 "-" "Mozilla/5.0 (compatible; Googlebot/2.1; +http://www.google.com/bot.html)"
120.79.171.34 - - [30/Apr/2018:03:30:32 +0200] "GET / HTTP/1.1" 301 185 "-" "-"
66.249.70.13 - - [30/Apr/2018:03:35:14 +0200] "GET / HTTP/1.1" 301 185 "-" "Mozilla/5.0 (compatible; Googlebot/2.1; +http://www.google.com/bot.html)"
42.236.54.22 - - [30/Apr/2018:03:35:25 +0200] "GET / HTTP/1.1" 301 185 "http://modeldd.org/" "Mozilla/5.0 (Windows NT 6.1; WOW64) AppleWebKit/537.36 (KHTML, like Gecko) Chrome/50.0.2661.102 Safari/537.36; 360Spider"
66.249.64.28 - - [30/Apr/2018:03:40:27 +0200] "GET /robots.txt HTTP/1.1" 301 185 "-" "Mozilla/5.0 (compatible; Googlebot/2.1; +http://www.google.com/bot.html)"
66.249.64.28 - - [30/Apr/2018:03:40:27 +0200] "GET / HTTP/1.1" 301 185 "-" "Mozilla/5.0 (Linux; Android 6.0.1; Nexus 5X Build/MMB29P) AppleWebKit/537.36 (KHTML, like Gecko) Chrome/41.0.2272.96 Mobile Safari/537.36 (compatible; Googlebot/2.1; +http://www.google.com/bot.html)"
66.249.64.23 - - [30/Apr/2018:03:50:50 +0200] "GET /robots.txt HTTP/1.1" 403 169 "-" "Mozilla/5.0 (compatible; Googlebot/2.1; +http://www.google.com/bot.html)"
35.162.141.144 - - [30/Apr/2018:03:53:08 +0200] "GET / HTTP/1.1" 301 185 "-" "Magic Browser"
176.210.80.31 - - [30/Apr/2018:04:01:55 +0200] "GET / HTTP/1.1" 301 185 "http://google.com" "Mozilla/5.0 (Windows NT 5.1; rv:9.0.1) Gecko/20100101 Firefox/9.0.1"
66.249.64.82 - - [30/Apr/2018:04:10:47 +0200] "GET /robots.txt HTTP/1.1" 301 185 "-" "Mozilla/5.0 (compatible; Googlebot/2.1; +http://www.google.com/bot.html)"
66.249.64.82 - - [30/Apr/2018:04:10:47 +0200] "GET / HTTP/1.1" 301 185 "-" "Mozilla/5.0 (Linux; Android 6.0.1; Nexus 5X Build/MMB29P) AppleWebKit/537.36 (KHTML, like Gecko) Chrome/41.0.2272.96 Mobile Safari/537.36 (compatible; Googlebot/2.1; +http://www.google.com/bot.html)"
66.249.64.22 - - [30/Apr/2018:04:20:57 +0200] "GET / HTTP/1.1" 301 185 "-" "Mozilla/5.0 (compatible; Googlebot/2.1; +http://www.google.com/bot.html)"
66.249.64.20 - - [30/Apr/2018:04:41:16 +0200] "GET / HTTP/1.1" 301 185 "-" "Mozilla/5.0 (Linux; Android 6.0.1; Nexus 5X Build/MMB29P) AppleWebKit/537.36 (KHTML, like Gecko) Chrome/41.0.2272.96 Mobile Safari/537.36 (compatible; Googlebot/2.1; +http://www.google.com/bot.html)"
66.249.64.25 - - [30/Apr/2018:04:56:46 +0200] "GET / HTTP/1.1" 403 571 "-" "Mozilla/5.0 (Linux; Android 6.0.1; Nexus 5X Build/MMB29P) AppleWebKit/537.36 (KHTML, like Gecko) Chrome/41.0.2272.96 Mobile Safari/537.36 (compatible; Googlebot/2.1; +http://www.google.com/bot.html)"
66.249.70.17 - - [30/Apr/2018:05:17:24 +0200] "GET /robots.txt HTTP/1.1" 301 185 "-" "Mozilla/5.0 (compatible; Googlebot/2.1; +http://www.google.com/bot.html)"
66.249.70.13 - - [30/Apr/2018:05:17:24 +0200] "GET / HTTP/1.1" 301 185 "-" "Mozilla/5.0 (Linux; Android 6.0.1; Nexus 5X Build/MMB29P) AppleWebKit/537.36 (KHTML, like Gecko) Chrome/41.0.2272.96 Mobile Safari/537.36 (compatible; Googlebot/2.1; +http://www.google.com/bot.html)"
66.249.70.7 - - [30/Apr/2018:05:22:24 +0200] "GET / HTTP/1.1" 301 185 "-" "Mozilla/5.0 (compatible; Googlebot/2.1; +http://www.google.com/bot.html)"
178.175.148.138 - - [30/Apr/2018:05:22:28 +0200] "GET / HTTP/1.1" 444 0 "-" "Mozilla/5.0 (Windows NT 6.1; WOW64; rv:12.0) Gecko/20100101 Firefox/12.0"
66.249.70.5 - - [30/Apr/2018:05:27:25 +0200] "GET / HTTP/1.1" 301 185 "-" "Mozilla/5.0 (Linux; Android 6.0.1; Nexus 5X Build/MMB29P) AppleWebKit/537.36 (KHTML, like Gecko) Chrome/41.0.2272.96 Mobile Safari/537.36 (compatible; Googlebot/2.1; +http://www.google.com/bot.html)"
87.118.115.176 - - [30/Apr/2018:05:37:31 +0200] "GET / HTTP/1.1" 403 169 "-" "Mozilla/5.0 (Windows NT 6.1; WOW64; rv:12.0) Gecko/20100101 Firefox/12.0"
66.249.64.24 - - [30/Apr/2018:05:48:06 +0200] "GET / HTTP/1.1" 403 169 "-" "Mozilla/5.0 (compatible; Googlebot/2.1; +http://www.google.com/bot.html)"
66.249.64.24 - - [30/Apr/2018:05:48:06 +0200] "GET /robots.txt HTTP/1.1" 403 169 "-" "Mozilla/5.0 (compatible; Googlebot/2.1; +http://www.google.com/bot.html)"
66.249.64.214 - - [30/Apr/2018:06:33:55 +0200] "GET /robots.txt HTTP/1.1" 301 185 "-" "Mozilla/5.0 (compatible; Googlebot/2.1; +http://www.google.com/bot.html)"
66.249.64.214 - - [30/Apr/2018:06:33:55 +0200] "GET / HTTP/1.1" 301 185 "-" "Mozilla/5.0 (compatible; Googlebot/2.1; +http://www.google.com/bot.html)"
66.249.64.214 - - [30/Apr/2018:06:38:55 +0200] "GET / HTTP/1.1" 301 185 "-" "Mozilla/5.0 (Linux; Android 6.0.1; Nexus 5X Build/MMB29P) AppleWebKit/537.36 (KHTML, like Gecko) Chrome/41.0.2272.96 Mobile Safari/537.36 (compatible; Googlebot/2.1; +http://www.google.com/bot.html)"
66.249.64.22 - - [30/Apr/2018:07:09:22 +0200] "GET / HTTP/1.1" 403 169 "-" "Mozilla/5.0 (compatible; Googlebot/2.1; +http://www.google.com/bot.html)"
66.249.64.26 - - [30/Apr/2018:07:19:32 +0200] "GET / HTTP/1.1" 301 185 "-" "Mozilla/5.0 (compatible; Googlebot/2.1; +http://www.google.com/bot.html)"
66.249.64.26 - - [30/Apr/2018:07:29:26 +0200] "GET /robots.txt HTTP/1.1" 403 169 "-" "Mozilla/5.0 (compatible; Googlebot/2.1; +http://www.google.com/bot.html)"
66.249.64.26 - - [30/Apr/2018:07:29:26 +0200] "GET / HTTP/1.1" 403 169 "-" "Mozilla/5.0 (compatible; Googlebot/2.1; +http://www.google.com/bot.html)"
217.69.143.62 - - [30/Apr/2018:07:32:54 +0200] "GET /robots.txt HTTP/1.0" 301 185 "-" "Mozilla/5.0 (compatible; Linux x86_64; Mail.RU_Bot/Robots/2.0; +http://go.mail.ru/help/robots)"
217.69.143.64 - - [30/Apr/2018:07:32:55 +0200] "GET / HTTP/1.1" 301 185 "-" "Mozilla/5.0 (compatible; Linux x86_64; Mail.RU_Bot/Robots/2.0; +http://go.mail.ru/help/robots)"
66.249.64.64 - - [30/Apr/2018:07:44:55 +0200] "GET /robots.txt HTTP/1.1" 301 185 "-" "Mozilla/5.0 (compatible; Googlebot/2.1; +http://www.google.com/bot.html)"
66.249.64.64 - - [30/Apr/2018:07:44:56 +0200] "GET / HTTP/1.1" 301 185 "-" "Mozilla/5.0 (compatible; Googlebot/2.1; +http://www.google.com/bot.html)"
66.249.64.134 - - [30/Apr/2018:07:55:36 +0200] "GET / HTTP/1.1" 301 185 "-" "Mozilla/5.0 (Linux; Android 6.0.1; Nexus 5X Build/MMB29P) AppleWebKit/537.36 (KHTML, like Gecko) Chrome/41.0.2272.96 Mobile Safari/537.36 (compatible; Googlebot/2.1; +http://www.google.com/bot.html)"
66.249.70.12 - - [30/Apr/2018:08:00:19 +0200] "GET / HTTP/1.1" 403 571 "-" "Mozilla/5.0 (Linux; Android 6.0.1; Nexus 5X Build/MMB29P) AppleWebKit/537.36 (KHTML, like Gecko) Chrome/41.0.2272.96 Mobile Safari/537.36 (compatible; Googlebot/2.1; +http://www.google.com/bot.html)"
66.249.64.156 - - [30/Apr/2018:08:05:17 +0200] "GET / HTTP/1.1" 403 169 "-" "Mozilla/5.0 (compatible; Googlebot/2.1; +http://www.google.com/bot.html)"
163.172.197.129 - - [30/Apr/2018:08:06:18 +0200] "GET /wysiwygeditor/tinymce/plugins/ccSimpleUploader/uploader.php HTTP/1.1" 301 185 "-" "Mozilla/5.0 (Windows NT 6.1; Win64; x64) AppleWebKit/537.36 (KHTML, like Gecko) Chrome/60.0.3112.113 Safari/537.36"
163.172.197.129 - - [30/Apr/2018:08:06:19 +0200] "" 400 0 "-" "-"
163.172.197.129 - - [30/Apr/2018:08:06:19 +0200] "" 400 0 "-" "-"
93.180.64.230 - - [30/Apr/2018:08:10:26 +0200] "GET /robots.txt HTTP/1.1" 301 185 "-" "Mozilla/5.0 (compatible; Plukkie/1.6; http://www.botje.com/plukkie.htm)"
93.180.64.230 - - [30/Apr/2018:08:10:26 +0200] "GET / HTTP/1.1" 301 185 "-" "Mozilla/5.0 (compatible; Plukkie/1.6; http://www.botje.com/plukkie.htm)"
66.249.70.8 - - [30/Apr/2018:08:15:18 +0200] "GET / HTTP/1.1" 403 169 "-" "Mozilla/5.0 (compatible; Googlebot/2.1; +http://www.google.com/bot.html)"
66.249.64.134 - - [30/Apr/2018:08:40:08 +0200] "GET / HTTP/1.1" 301 185 "-" "Mozilla/5.0 (compatible; Googlebot/2.1; +http://www.google.com/bot.html)"
66.249.70.13 - - [30/Apr/2018:08:50:27 +0200] "GET / HTTP/1.1" 301 185 "-" "Mozilla/5.0 (compatible; Googlebot/2.1; +http://www.google.com/bot.html)"
66.249.64.28 - - [30/Apr/2018:08:55:25 +0200] "GET / HTTP/1.1" 301 185 "-" "Mozilla/5.0 (Linux; Android 6.0.1; Nexus 5X Build/MMB29P) AppleWebKit/537.36 (KHTML, like Gecko) Chrome/41.0.2272.96 Mobile Safari/537.36 (compatible; Googlebot/2.1; +http://www.google.com/bot.html)"
66.249.64.84 - - [30/Apr/2018:09:05:46 +0200] "GET / HTTP/1.1" 301 185 "-" "Mozilla/5.0 (Linux; Android 6.0.1; Nexus 5X Build/MMB29P) AppleWebKit/537.36 (KHTML, like Gecko) Chrome/41.0.2272.96 Mobile Safari/537.36 (compatible; Googlebot/2.1; +http://www.google.com/bot.html)"
163.172.4.153 - - [30/Apr/2018:10:03:20 +0200] "GET / HTTP/1.1" 301 185 "http://larecueja.com/" "Mozilla/5.0 (Macintosh; Intel Mac OS X 10_12_3) AppleWebKit/537.36 (KHTML, like Gecko) Chrome/58.0.3029.110 Safari/537.36"
66.249.64.21 - - [30/Apr/2018:10:17:08 +0200] "GET /robots.txt HTTP/1.1" 301 185 "-" "Mozilla/5.0 (compatible; Googlebot/2.1; +http://www.google.com/bot.html)"
66.249.64.20 - - [30/Apr/2018:10:17:08 +0200] "GET / HTTP/1.1" 301 185 "-" "Mozilla/5.0 (compatible; Googlebot/2.1; +http://www.google.com/bot.html)"
66.249.64.20 - - [30/Apr/2018:10:22:16 +0200] "GET / HTTP/1.1" 301 185 "-" "Mozilla/5.0 (Linux; Android 6.0.1; Nexus 5X Build/MMB29P) AppleWebKit/537.36 (KHTML, like Gecko) Chrome/41.0.2272.96 Mobile Safari/537.36 (compatible; Googlebot/2.1; +http://www.google.com/bot.html)"
195.216.239.82 - - [30/Apr/2018:10:24:05 +0200] "PROPFIND / HTTP/1.1" 444 0 "-" "-"
195.216.239.82 - - [30/Apr/2018:10:24:05 +0200] "POST /wls-wsat/CoordinatorPortType HTTP/1.1" 444 0 "-" "Mozilla/5.0 (Windows NT 6.1; rv:5.0) Gecko/20100101 Firefox/5.0"
195.216.239.82 - - [30/Apr/2018:10:24:06 +0200] "GET /index.php HTTP/1.1" 444 0 "-" "Mozilla/5.0"
195.216.239.82 - - [30/Apr/2018:10:24:06 +0200] "GET /phpmyadmin/index.php HTTP/1.1" 444 0 "-" "Mozilla/5.0"
195.216.239.82 - - [30/Apr/2018:10:24:06 +0200] "GET /phpMyAdmin/index.php HTTP/1.1" 444 0 "-" "Mozilla/5.0"
195.216.239.82 - - [30/Apr/2018:10:24:06 +0200] "GET /pmd/index.php HTTP/1.1" 444 0 "-" "Mozilla/5.0"
195.216.239.82 - - [30/Apr/2018:10:24:06 +0200] "GET /pma/index.php HTTP/1.1" 444 0 "-" "Mozilla/5.0"
195.216.239.82 - - [30/Apr/2018:10:24:06 +0200] "GET /PMA/index.php HTTP/1.1" 444 0 "-" "Mozilla/5.0"
195.216.239.82 - - [30/Apr/2018:10:24:07 +0200] "GET /PMA2/index.php HTTP/1.1" 444 0 "-" "Mozilla/5.0"
195.216.239.82 - - [30/Apr/2018:10:24:07 +0200] "GET /pmamy/index.php HTTP/1.1" 444 0 "-" "Mozilla/5.0"
195.216.239.82 - - [30/Apr/2018:10:24:07 +0200] "GET /pmamy2/index.php HTTP/1.1" 444 0 "-" "Mozilla/5.0"
195.216.239.82 - - [30/Apr/2018:10:24:07 +0200] "GET /mysql/index.php HTTP/1.1" 444 0 "-" "Mozilla/5.0"
195.216.239.82 - - [30/Apr/2018:10:24:07 +0200] "GET /admin/index.php HTTP/1.1" 444 0 "-" "Mozilla/5.0"
195.216.239.82 - - [30/Apr/2018:10:24:10 +0200] "GET /dbadmin/index.php HTTP/1.1" 444 0 "-" "Mozilla/5.0"
195.216.239.82 - - [30/Apr/2018:10:24:10 +0200] "GET /web/phpMyAdmin/index.php HTTP/1.1" 444 0 "-" "Mozilla/5.0"
195.216.239.82 - - [30/Apr/2018:10:24:10 +0200] "GET /admin/pma/index.php HTTP/1.1" 444 0 "-" "Mozilla/5.0"
195.216.239.82 - - [30/Apr/2018:10:24:10 +0200] "GET /admin/PMA/index.php HTTP/1.1" 444 0 "-" "Mozilla/5.0"
195.216.239.82 - - [30/Apr/2018:10:24:10 +0200] "GET /admin/mysql/index.php HTTP/1.1" 444 0 "-" "Mozilla/5.0"
195.216.239.82 - - [30/Apr/2018:10:24:10 +0200] "GET /admin/mysql2/index.php HTTP/1.1" 444 0 "-" "Mozilla/5.0"
195.216.239.82 - - [30/Apr/2018:10:24:10 +0200] "GET /admin/phpmyadmin/index.php HTTP/1.1" 444 0 "-" "Mozilla/5.0"
195.216.239.82 - - [30/Apr/2018:10:24:11 +0200] "GET /admin/phpMyAdmin/index.php HTTP/1.1" 444 0 "-" "Mozilla/5.0"
195.216.239.82 - - [30/Apr/2018:10:24:11 +0200] "GET /admin/phpmyadmin2/index.php HTTP/1.1" 444 0 "-" "Mozilla/5.0"
195.216.239.82 - - [30/Apr/2018:10:24:11 +0200] "GET /mysqladmin/index.php HTTP/1.1" 444 0 "-" "Mozilla/5.0"
195.216.239.82 - - [30/Apr/2018:10:24:11 +0200] "GET /mysql-admin/index.php HTTP/1.1" 444 0 "-" "Mozilla/5.0"
195.216.239.82 - - [30/Apr/2018:10:24:14 +0200] "GET /phpmyadmin0/index.php HTTP/1.1" 444 0 "-" "Mozilla/5.0"
195.216.239.82 - - [30/Apr/2018:10:24:14 +0200] "GET /phpmyadmin1/index.php HTTP/1.1" 444 0 "-" "Mozilla/5.0"
195.216.239.82 - - [30/Apr/2018:10:24:14 +0200] "GET /phpmyadmin2/index.php HTTP/1.1" 444 0 "-" "Mozilla/5.0"
195.216.239.82 - - [30/Apr/2018:10:24:14 +0200] "GET /myadmin/index.php HTTP/1.1" 444 0 "-" "Mozilla/5.0"
195.216.239.82 - - [30/Apr/2018:10:24:14 +0200] "GET /myadmin2/index.php HTTP/1.1" 444 0 "-" "Mozilla/5.0"
195.216.239.82 - - [30/Apr/2018:10:24:14 +0200] "GET /xampp/phpmyadmin/index.php HTTP/1.1" 444 0 "-" "Mozilla/5.0"
195.216.239.82 - - [30/Apr/2018:10:24:14 +0200] "GET /phpMyadmin_bak/index.php HTTP/1.1" 444 0 "-" "Mozilla/5.0"
195.216.239.82 - - [30/Apr/2018:10:24:15 +0200] "GET /www/phpMyAdmin/index.php HTTP/1.1" 444 0 "-" "Mozilla/5.0"
195.216.239.82 - - [30/Apr/2018:10:24:15 +0200] "GET /tools/phpMyAdmin/index.php HTTP/1.1" 444 0 "-" "Mozilla/5.0"
195.216.239.82 - - [30/Apr/2018:10:24:15 +0200] "GET /phpmyadmin-old/index.php HTTP/1.1" 444 0 "-" "Mozilla/5.0"
195.216.239.82 - - [30/Apr/2018:10:24:15 +0200] "GET /phpMyAdminold/index.php HTTP/1.1" 444 0 "-" "Mozilla/5.0"
195.216.239.82 - - [30/Apr/2018:10:24:15 +0200] "GET /pma-old/index.php HTTP/1.1" 444 0 "-" "Mozilla/5.0"
195.216.239.82 - - [30/Apr/2018:10:24:15 +0200] "GET /claroline/phpMyAdmin/index.php HTTP/1.1" 444 0 "-" "Mozilla/5.0"
195.216.239.82 - - [30/Apr/2018:10:24:15 +0200] "GET /typo3/phpmyadmin/index.php HTTP/1.1" 444 0 "-" "Mozilla/5.0"
195.216.239.82 - - [30/Apr/2018:10:24:16 +0200] "GET /phpma/index.php HTTP/1.1" 444 0 "-" "Mozilla/5.0"
195.216.239.82 - - [30/Apr/2018:10:24:16 +0200] "GET /phpmyadmin/phpmyadmin/index.php HTTP/1.1" 444 0 "-" "Mozilla/5.0"
195.216.239.82 - - [30/Apr/2018:10:24:16 +0200] "GET /phpMyAdmin/phpMyAdmin/index.php HTTP/1.1" 444 0 "-" "Mozilla/5.0"
207.46.13.134 - - [30/Apr/2018:10:35:44 +0200] "GET / HTTP/1.1" 301 185 "-" "Mozilla/5.0 (iPhone; CPU iPhone OS 7_0 like Mac OS X) AppleWebKit/537.51.1 (KHTML, like Gecko) Version/7.0 Mobile/11A465 Safari/9537.53 (compatible; bingbot/2.0; +http://www.bing.com/bingbot.htm)"
66.249.70.15 - - [30/Apr/2018:11:02:47 +0200] "GET / HTTP/1.1" 301 185 "-" "Mozilla/5.0 (Linux; Android 6.0.1; Nexus 5X Build/MMB29P) AppleWebKit/537.36 (KHTML, like Gecko) Chrome/41.0.2272.96 Mobile Safari/537.36 (compatible; Googlebot/2.1; +http://www.google.com/bot.html)"
66.249.70.7 - - [30/Apr/2018:11:28:15 +0200] "GET /robots.txt HTTP/1.1" 301 185 "-" "Mozilla/5.0 (compatible; Googlebot/2.1; +http://www.google.com/bot.html)"
66.249.70.3 - - [30/Apr/2018:11:28:16 +0200] "GET / HTTP/1.1" 301 185 "-" "Mozilla/5.0 (compatible; Googlebot/2.1; +http://www.google.com/bot.html)"
66.249.70.7 - - [30/Apr/2018:11:38:25 +0200] "GET / HTTP/1.1" 301 185 "-" "Mozilla/5.0 (Linux; Android 6.0.1; Nexus 5X Build/MMB29P) AppleWebKit/537.36 (KHTML, like Gecko) Chrome/41.0.2272.96 Mobile Safari/537.36 (compatible; Googlebot/2.1; +http://www.google.com/bot.html)"
66.249.64.24 - - [30/Apr/2018:12:14:09 +0200] "GET / HTTP/1.1" 403 169 "-" "Mozilla/5.0 (compatible; Googlebot/2.1; +http://www.google.com/bot.html)"
66.249.64.216 - - [30/Apr/2018:12:39:15 +0200] "GET / HTTP/1.1" 301 185 "-" "Mozilla/5.0 (compatible; Googlebot/2.1; +http://www.google.com/bot.html)"
207.46.13.134 - - [30/Apr/2018:12:47:14 +0200] "GET / HTTP/1.1" 301 185 "-" "Mozilla/5.0 (compatible; bingbot/2.0; +http://www.bing.com/bingbot.htm)"
66.249.64.212 - - [30/Apr/2018:13:04:55 +0200] "GET / HTTP/1.1" 301 185 "-" "Mozilla/5.0 (Linux; Android 6.0.1; Nexus 5X Build/MMB29P) AppleWebKit/537.36 (KHTML, like Gecko) Chrome/41.0.2272.96 Mobile Safari/537.36 (compatible; Googlebot/2.1; +http://www.google.com/bot.html)"
61.163.101.56 - - [30/Apr/2018:13:10:15 +0200] "PROPFIND / HTTP/1.1" 444 0 "-" "-"
61.163.101.56 - - [30/Apr/2018:13:10:15 +0200] "POST /wls-wsat/CoordinatorPortType HTTP/1.1" 444 0 "-" "Mozilla/5.0 (Windows NT 6.1; rv:5.0) Gecko/20100101 Firefox/5.0"
61.163.101.56 - - [30/Apr/2018:13:10:16 +0200] "GET /index.php HTTP/1.1" 444 0 "-" "Mozilla/5.0"
61.163.101.56 - - [30/Apr/2018:13:10:17 +0200] "GET /phpmyadmin/index.php HTTP/1.1" 444 0 "-" "Mozilla/5.0"
61.163.101.56 - - [30/Apr/2018:13:10:18 +0200] "GET /phpMyAdmin/index.php HTTP/1.1" 444 0 "-" "Mozilla/5.0"
61.163.101.56 - - [30/Apr/2018:13:10:18 +0200] "GET /pmd/index.php HTTP/1.1" 444 0 "-" "Mozilla/5.0"
61.163.101.56 - - [30/Apr/2018:13:10:18 +0200] "GET /pma/index.php HTTP/1.1" 444 0 "-" "Mozilla/5.0"
61.163.101.56 - - [30/Apr/2018:13:10:19 +0200] "GET /PMA/index.php HTTP/1.1" 444 0 "-" "Mozilla/5.0"
61.163.101.56 - - [30/Apr/2018:13:10:19 +0200] "GET /PMA2/index.php HTTP/1.1" 444 0 "-" "Mozilla/5.0"
61.163.101.56 - - [30/Apr/2018:13:10:20 +0200] "GET /pmamy/index.php HTTP/1.1" 444 0 "-" "Mozilla/5.0"
61.163.101.56 - - [30/Apr/2018:13:10:20 +0200] "GET /pmamy2/index.php HTTP/1.1" 444 0 "-" "Mozilla/5.0"
61.163.101.56 - - [30/Apr/2018:13:10:21 +0200] "GET /mysql/index.php HTTP/1.1" 444 0 "-" "Mozilla/5.0"
61.163.101.56 - - [30/Apr/2018:13:10:21 +0200] "GET /db/index.php HTTP/1.1" 444 0 "-" "Mozilla/5.0"
61.163.101.56 - - [30/Apr/2018:13:10:22 +0200] "GET /dbadmin/index.php HTTP/1.1" 444 0 "-" "Mozilla/5.0"
61.163.101.56 - - [30/Apr/2018:13:10:22 +0200] "GET /web/phpMyAdmin/index.php HTTP/1.1" 444 0 "-" "Mozilla/5.0"
61.163.101.56 - - [30/Apr/2018:13:10:22 +0200] "GET /admin/pma/index.php HTTP/1.1" 444 0 "-" "Mozilla/5.0"
61.163.101.56 - - [30/Apr/2018:13:10:23 +0200] "GET /admin/PMA/index.php HTTP/1.1" 444 0 "-" "Mozilla/5.0"
61.163.101.56 - - [30/Apr/2018:13:10:23 +0200] "GET /admin/mysql/index.php HTTP/1.1" 444 0 "-" "Mozilla/5.0"
61.163.101.56 - - [30/Apr/2018:13:10:24 +0200] "GET /admin/mysql2/index.php HTTP/1.1" 444 0 "-" "Mozilla/5.0"
61.163.101.56 - - [30/Apr/2018:13:10:24 +0200] "GET /admin/phpmyadmin/index.php HTTP/1.1" 444 0 "-" "Mozilla/5.0"
61.163.101.56 - - [30/Apr/2018:13:10:25 +0200] "GET /admin/phpMyAdmin/index.php HTTP/1.1" 444 0 "-" "Mozilla/5.0"
61.163.101.56 - - [30/Apr/2018:13:10:25 +0200] "GET /admin/phpmyadmin2/index.php HTTP/1.1" 444 0 "-" "Mozilla/5.0"
61.163.101.56 - - [30/Apr/2018:13:10:25 +0200] "GET /mysqladmin/index.php HTTP/1.1" 444 0 "-" "Mozilla/5.0"
61.163.101.56 - - [30/Apr/2018:13:10:29 +0200] "GET /phpadmin/index.php HTTP/1.1" 444 0 "-" "Mozilla/5.0"
61.163.101.56 - - [30/Apr/2018:13:10:30 +0200] "GET /phpmyadmin0/index.php HTTP/1.1" 444 0 "-" "Mozilla/5.0"
61.163.101.56 - - [30/Apr/2018:13:10:30 +0200] "GET /phpmyadmin1/index.php HTTP/1.1" 444 0 "-" "Mozilla/5.0"
61.163.101.56 - - [30/Apr/2018:13:10:30 +0200] "GET /phpmyadmin2/index.php HTTP/1.1" 444 0 "-" "Mozilla/5.0"
61.163.101.56 - - [30/Apr/2018:13:10:33 +0200] "GET /myadmin2/index.php HTTP/1.1" 444 0 "-" "Mozilla/5.0"
61.163.101.56 - - [30/Apr/2018:13:10:34 +0200] "GET /xampp/phpmyadmin/index.php HTTP/1.1" 444 0 "-" "Mozilla/5.0"
61.163.101.56 - - [30/Apr/2018:13:10:34 +0200] "GET /phpMyadmin_bak/index.php HTTP/1.1" 444 0 "-" "Mozilla/5.0"
61.163.101.56 - - [30/Apr/2018:13:10:34 +0200] "GET /www/phpMyAdmin/index.php HTTP/1.1" 444 0 "-" "Mozilla/5.0"
61.163.101.56 - - [30/Apr/2018:13:10:35 +0200] "GET /tools/phpMyAdmin/index.php HTTP/1.1" 444 0 "-" "Mozilla/5.0"
61.163.101.56 - - [30/Apr/2018:13:10:35 +0200] "GET /phpmyadmin-old/index.php HTTP/1.1" 444 0 "-" "Mozilla/5.0"
61.163.101.56 - - [30/Apr/2018:13:10:36 +0200] "GET /phpMyAdminold/index.php HTTP/1.1" 444 0 "-" "Mozilla/5.0"
61.163.101.56 - - [30/Apr/2018:13:10:37 +0200] "GET /pma-old/index.php HTTP/1.1" 444 0 "-" "Mozilla/5.0"
61.163.101.56 - - [30/Apr/2018:13:10:38 +0200] "GET /claroline/phpMyAdmin/index.php HTTP/1.1" 444 0 "-" "Mozilla/5.0"
61.163.101.56 - - [30/Apr/2018:13:10:38 +0200] "GET /typo3/phpmyadmin/index.php HTTP/1.1" 444 0 "-" "Mozilla/5.0"
61.163.101.56 - - [30/Apr/2018:13:10:38 +0200] "GET /phpma/index.php HTTP/1.1" 444 0 "-" "Mozilla/5.0"
61.163.101.56 - - [30/Apr/2018:13:10:39 +0200] "GET /phpmyadmin/phpmyadmin/index.php HTTP/1.1" 444 0 "-" "Mozilla/5.0"
61.163.101.56 - - [30/Apr/2018:13:10:39 +0200] "GET /phpMyAdmin/phpMyAdmin/index.php HTTP/1.1" 444 0 "-" "Mozilla/5.0"
31.184.193.154 - - [30/Apr/2018:13:25:59 +0200] "GET / HTTP/1.0" 444 0 "-" "Mozilla/5.0 (Windows NT 6.1; Win64; x64) AppleWebKit/537.36 (KHTML, like Gecko) Chrome/65.0.3325.181 Safari/537.36"
66.249.64.23 - - [30/Apr/2018:13:30:26 +0200] "GET / HTTP/1.1" 403 169 "-" "Mozilla/5.0 (compatible; Googlebot/2.1; +http://www.google.com/bot.html)"
66.249.64.28 - - [30/Apr/2018:13:50:54 +0200] "GET / HTTP/1.1" 301 185 "-" "Mozilla/5.0 (compatible; Googlebot/2.1; +http://www.google.com/bot.html)"
66.249.64.25 - - [30/Apr/2018:13:55:59 +0200] "GET / HTTP/1.1" 403 169 "-" "Mozilla/5.0 (compatible; Googlebot/2.1; +http://www.google.com/bot.html)"
157.55.39.0 - - [30/Apr/2018:14:00:15 +0200] "GET /robots.txt HTTP/1.1" 301 185 "-" "Mozilla/5.0 (compatible; bingbot/2.0; +http://www.bing.com/bingbot.htm)"
157.55.39.0 - - [30/Apr/2018:14:00:21 +0200] "GET /robots.txt HTTP/1.1" 301 185 "-" "Mozilla/5.0 (compatible; bingbot/2.0; +http://www.bing.com/bingbot.htm)"
207.46.13.148 - - [30/Apr/2018:14:00:27 +0200] "GET / HTTP/1.1" 301 185 "-" "Mozilla/5.0 (compatible; bingbot/2.0; +http://www.bing.com/bingbot.htm)"
66.249.64.67 - - [30/Apr/2018:14:00:58 +0200] "GET / HTTP/1.1" 301 185 "-" "Mozilla/5.0 (compatible; Googlebot/2.1; +http://www.google.com/bot.html)"
66.249.64.133 - - [30/Apr/2018:14:21:34 +0200] "GET / HTTP/1.1" 301 185 "-" "Mozilla/5.0 (Linux; Android 6.0.1; Nexus 5X Build/MMB29P) AppleWebKit/537.36 (KHTML, like Gecko) Chrome/41.0.2272.96 Mobile Safari/537.36 (compatible; Googlebot/2.1; +http://www.google.com/bot.html)"
66.249.70.8 - - [30/Apr/2018:14:26:28 +0200] "GET / HTTP/1.1" 403 571 "-" "Mozilla/5.0 (Linux; Android 6.0.1; Nexus 5X Build/MMB29P) AppleWebKit/537.36 (KHTML, like Gecko) Chrome/41.0.2272.96 Mobile Safari/537.36 (compatible; Googlebot/2.1; +http://www.google.com/bot.html)"
157.55.39.87 - - [30/Apr/2018:14:31:12 +0200] "GET / HTTP/1.1" 403 169 "-" "Mozilla/5.0 (compatible; bingbot/2.0; +http://www.bing.com/bingbot.htm)"
77.72.85.108 - - [30/Apr/2018:14:32:55 +0200] "GET / HTTP/1.1" 403 169 "-" "-"
66.249.64.152 - - [30/Apr/2018:14:41:45 +0200] "GET / HTTP/1.1" 403 169 "-" "Mozilla/5.0 (compatible; Googlebot/2.1; +http://www.google.com/bot.html)"
66.249.64.23 - - [30/Apr/2018:14:52:05 +0200] "GET / HTTP/1.1" 403 571 "-" "Mozilla/5.0 (Linux; Android 6.0.1; Nexus 5X Build/MMB29P) AppleWebKit/537.36 (KHTML, like Gecko) Chrome/41.0.2272.96 Mobile Safari/537.36 (compatible; Googlebot/2.1; +http://www.google.com/bot.html)"
66.249.64.25 - - [30/Apr/2018:14:52:06 +0200] "GET / HTTP/1.1" 403 571 "-" "Mozilla/5.0 (Linux; Android 6.0.1; Nexus 5X Build/MMB29P) AppleWebKit/537.36 (KHTML, like Gecko) Chrome/41.0.2272.96 Mobile Safari/537.36 (compatible; Googlebot/2.1; +http://www.google.com/bot.html)"
66.249.70.12 - - [30/Apr/2018:15:12:36 +0200] "GET /robots.txt HTTP/1.1" 403 169 "-" "Mozilla/5.0 (compatible; Googlebot/2.1; +http://www.google.com/bot.html)"
66.249.70.12 - - [30/Apr/2018:15:12:36 +0200] "GET / HTTP/1.1" 403 169 "-" "Mozilla/5.0 (compatible; Googlebot/2.1; +http://www.google.com/bot.html)"
66.249.64.133 - - [30/Apr/2018:15:22:45 +0200] "GET /robots.txt HTTP/1.1" 301 185 "-" "Mozilla/5.0 (compatible; Googlebot/2.1; +http://www.google.com/bot.html)"
66.249.64.134 - - [30/Apr/2018:15:22:45 +0200] "GET / HTTP/1.1" 301 185 "-" "Mozilla/5.0 (compatible; Googlebot/2.1; +http://www.google.com/bot.html)"
66.249.70.15 - - [30/Apr/2018:15:33:19 +0200] "GET / HTTP/1.1" 301 185 "-" "Mozilla/5.0 (compatible; Googlebot/2.1; +http://www.google.com/bot.html)"
93.180.64.230 - - [30/Apr/2018:15:42:24 +0200] "GET /robots.txt HTTP/1.1" 301 185 "-" "Mozilla/5.0 (compatible; Plukkie/1.6; http://www.botje.com/plukkie.htm)"
93.180.64.230 - - [30/Apr/2018:15:42:25 +0200] "GET / HTTP/1.1" 301 185 "-" "Mozilla/5.0 (compatible; Plukkie/1.6; http://www.botje.com/plukkie.htm)"
66.249.64.28 - - [30/Apr/2018:15:53:28 +0200] "GET /robots.txt HTTP/1.1" 301 185 "-" "Mozilla/5.0 (compatible; Googlebot/2.1; +http://www.google.com/bot.html)"
66.249.64.28 - - [30/Apr/2018:15:53:28 +0200] "GET / HTTP/1.1" 301 185 "-" "Mozilla/5.0 (Linux; Android 6.0.1; Nexus 5X Build/MMB29P) AppleWebKit/537.36 (KHTML, like Gecko) Chrome/41.0.2272.96 Mobile Safari/537.36 (compatible; Googlebot/2.1; +http://www.google.com/bot.html)"
66.249.64.84 - - [30/Apr/2018:15:58:34 +0200] "GET / HTTP/1.1" 301 185 "-" "Mozilla/5.0 (Linux; Android 6.0.1; Nexus 5X Build/MMB29P) AppleWebKit/537.36 (KHTML, like Gecko) Chrome/41.0.2272.96 Mobile Safari/537.36 (compatible; Googlebot/2.1; +http://www.google.com/bot.html)"
212.227.116.36 - - [30/Apr/2018:16:14:21 +0200] "GET /js/mage/cookies.js HTTP/1.1" 301 185 "larecueja.com" "Mozilla/5.0 (Windows; U; Windows NT 5.1; en-US) AppleWebKit/533.4 (KHTML, like Gecko) Chrome/5.0.375.99 Safari/533.4"
212.227.116.36 - - [30/Apr/2018:16:14:26 +0200] "GET /js/mage/cookies.js HTTP/1.1" 301 185 "larecueja.com" "Mozilla/5.0 (Windows; U; Windows NT 5.1; en-US) AppleWebKit/533.4 (KHTML, like Gecko) Chrome/5.0.375.99 Safari/533.4"
66.249.64.20 - - [30/Apr/2018:16:54:27 +0200] "GET / HTTP/1.1" 301 185 "-" "Mozilla/5.0 (compatible; Googlebot/2.1; +http://www.google.com/bot.html)"
66.249.64.20 - - [30/Apr/2018:17:04:25 +0200] "GET / HTTP/1.1" 301 185 "-" "Mozilla/5.0 (Linux; Android 6.0.1; Nexus 5X Build/MMB29P) AppleWebKit/537.36 (KHTML, like Gecko) Chrome/41.0.2272.96 Mobile Safari/537.36 (compatible; Googlebot/2.1; +http://www.google.com/bot.html)"
157.55.39.20 - - [30/Apr/2018:17:10:35 +0200] "GET /robots.txt HTTP/1.1" 301 185 "-" "Mozilla/5.0 (compatible; bingbot/2.0; +http://www.bing.com/bingbot.htm)"
207.46.13.149 - - [30/Apr/2018:17:10:40 +0200] "GET / HTTP/1.1" 301 185 "-" "Mozilla/5.0 (compatible; bingbot/2.0; +http://www.bing.com/bingbot.htm)"
66.249.70.15 - - [30/Apr/2018:17:19:56 +0200] "GET / HTTP/1.1" 301 185 "-" "Mozilla/5.0 (Linux; Android 6.0.1; Nexus 5X Build/MMB29P) AppleWebKit/537.36 (KHTML, like Gecko) Chrome/41.0.2272.96 Mobile Safari/537.36 (compatible; Googlebot/2.1; +http://www.google.com/bot.html)"
66.249.70.17 - - [30/Apr/2018:17:19:56 +0200] "GET /robots.txt HTTP/1.1" 301 185 "-" "Mozilla/5.0 (compatible; Googlebot/2.1; +http://www.google.com/bot.html)"
66.249.70.3 - - [30/Apr/2018:17:25:05 +0200] "GET / HTTP/1.1" 301 185 "-" "Mozilla/5.0 (compatible; Googlebot/2.1; +http://www.google.com/bot.html)"
66.249.70.7 - - [30/Apr/2018:17:35:16 +0200] "GET / HTTP/1.1" 301 185 "-" "Mozilla/5.0 (Linux; Android 6.0.1; Nexus 5X Build/MMB29P) AppleWebKit/537.36 (KHTML, like Gecko) Chrome/41.0.2272.96 Mobile Safari/537.36 (compatible; Googlebot/2.1; +http://www.google.com/bot.html)"
66.249.64.23 - - [30/Apr/2018:17:45:35 +0200] "GET / HTTP/1.1" 403 169 "-" "Mozilla/5.0 (compatible; Googlebot/2.1; +http://www.google.com/bot.html)"
74.82.47.2 - - [30/Apr/2018:18:03:01 +0200] "GET / HTTP/1.1" 403 169 "-" "-"
192.99.56.171 - - [30/Apr/2018:18:05:04 +0200] "GET /admin/index.php HTTP/1.1" 444 0 "-" "Python-urllib/3.5"
66.249.64.212 - - [30/Apr/2018:18:06:09 +0200] "GET / HTTP/1.1" 301 185 "-" "Mozilla/5.0 (compatible; Googlebot/2.1; +http://www.google.com/bot.html)"
120.79.186.194 - - [30/Apr/2018:18:10:59 +0200] "GET / HTTP/1.1" 301 185 "-" "-"
66.249.64.216 - - [30/Apr/2018:18:16:05 +0200] "GET / HTTP/1.1" 301 185 "-" "Mozilla/5.0 (Linux; Android 6.0.1; Nexus 5X Build/MMB29P) AppleWebKit/537.36 (KHTML, like Gecko) Chrome/41.0.2272.96 Mobile Safari/537.36 (compatible; Googlebot/2.1; +http://www.google.com/bot.html)"
157.55.39.87 - - [30/Apr/2018:18:20:04 +0200] "GET / HTTP/1.1" 403 169 "-" "Mozilla/5.0 (compatible; bingbot/2.0; +http://www.bing.com/bingbot.htm)"
66.249.64.23 - - [30/Apr/2018:18:31:41 +0200] "GET /robots.txt HTTP/1.1" 403 169 "-" "Mozilla/5.0 (compatible; Googlebot/2.1; +http://www.google.com/bot.html)"
66.249.64.24 - - [30/Apr/2018:18:31:42 +0200] "GET / HTTP/1.1" 403 169 "-" "Mozilla/5.0 (compatible; Googlebot/2.1; +http://www.google.com/bot.html)"
66.249.64.26 - - [30/Apr/2018:18:46:46 +0200] "GET / HTTP/1.1" 301 185 "-" "Mozilla/5.0 (compatible; Googlebot/2.1; +http://www.google.com/bot.html)"
66.249.64.25 - - [30/Apr/2018:18:51:46 +0200] "GET / HTTP/1.1" 403 169 "-" "Mozilla/5.0 (compatible; Googlebot/2.1; +http://www.google.com/bot.html)"
66.249.64.70 - - [30/Apr/2018:18:56:46 +0200] "GET / HTTP/1.1" 301 185 "-" "Mozilla/5.0 (compatible; Googlebot/2.1; +http://www.google.com/bot.html)"
66.249.64.133 - - [30/Apr/2018:19:25:14 +0200] "GET / HTTP/1.1" 301 185 "-" "Mozilla/5.0 (Linux; Android 6.0.1; Nexus 5X Build/MMB29P) AppleWebKit/537.36 (KHTML, like Gecko) Chrome/41.0.2272.96 Mobile Safari/537.36 (compatible; Googlebot/2.1; +http://www.google.com/bot.html)"
66.249.70.8 - - [30/Apr/2018:19:28:28 +0200] "GET / HTTP/1.1" 403 571 "-" "Mozilla/5.0 (Linux; Android 6.0.1; Nexus 5X Build/MMB29P) AppleWebKit/537.36 (KHTML, like Gecko) Chrome/41.0.2272.96 Mobile Safari/537.36 (compatible; Googlebot/2.1; +http://www.google.com/bot.html)"
66.249.64.154 - - [30/Apr/2018:19:33:03 +0200] "GET /robots.txt HTTP/1.1" 403 169 "-" "Mozilla/5.0 (compatible; Googlebot/2.1; +http://www.google.com/bot.html)"
66.249.64.154 - - [30/Apr/2018:19:33:03 +0200] "GET / HTTP/1.1" 403 169 "-" "Mozilla/5.0 (compatible; Googlebot/2.1; +http://www.google.com/bot.html)"
66.249.64.24 - - [30/Apr/2018:19:43:06 +0200] "GET /robots.txt HTTP/1.1" 403 169 "-" "Mozilla/5.0 (compatible; Googlebot/2.1; +http://www.google.com/bot.html)"
66.249.70.12 - - [30/Apr/2018:19:53:06 +0200] "GET / HTTP/1.1" 403 169 "-" "Mozilla/5.0 (compatible; Googlebot/2.1; +http://www.google.com/bot.html)"
217.72.198.217 - - [30/Apr/2018:19:54:46 +0200] "GET /js/mage/cookies.js HTTP/1.1" 301 185 "qantonio.com" "Mozilla/5.0 (Windows; U; Windows NT 5.1; en-US) AppleWebKit/533.4 (KHTML, like Gecko) Chrome/5.0.375.99 Safari/533.4"
66.249.64.134 - - [30/Apr/2018:19:58:02 +0200] "GET / HTTP/1.1" 301 185 "-" "Mozilla/5.0 (compatible; Googlebot/2.1; +http://www.google.com/bot.html)"
193.70.34.209 - - [30/Apr/2018:20:08:33 +0200] "GET /update.php HTTP/1.1" 301 185 "-" "Mozilla/5.0 (Windows NT 6.1; Win64; x64) AppleWebKit/537.36 (KHTML, like Gecko) Chrome/63.0.3239.132 Safari/537.36"
66.249.70.15 - - [30/Apr/2018:20:09:03 +0200] "GET / HTTP/1.1" 301 185 "-" "Mozilla/5.0 (compatible; Googlebot/2.1; +http://www.google.com/bot.html)"
66.249.64.27 - - [30/Apr/2018:20:13:26 +0200] "GET / HTTP/1.1" 301 185 "-" "Mozilla/5.0 (Linux; Android 6.0.1; Nexus 5X Build/MMB29P) AppleWebKit/537.36 (KHTML, like Gecko) Chrome/41.0.2272.96 Mobile Safari/537.36 (compatible; Googlebot/2.1; +http://www.google.com/bot.html)"
66.249.64.84 - - [30/Apr/2018:20:23:25 +0200] "GET /robots.txt HTTP/1.1" 301 185 "-" "Mozilla/5.0 (compatible; Googlebot/2.1; +http://www.google.com/bot.html)"
66.249.64.84 - - [30/Apr/2018:20:23:26 +0200] "GET / HTTP/1.1" 301 185 "-" "Mozilla/5.0 (Linux; Android 6.0.1; Nexus 5X Build/MMB29P) AppleWebKit/537.36 (KHTML, like Gecko) Chrome/41.0.2272.96 Mobile Safari/537.36 (compatible; Googlebot/2.1; +http://www.google.com/bot.html)"
5.189.187.219 - - [30/Apr/2018:20:35:25 +0200] "GET / HTTP/1.1" 444 0 "-" "libwww-perl/6.33"
139.162.113.204 - - [30/Apr/2018:20:48:51 +0200] "GET / HTTP/1.1" 403 169 "-" "Go-http-client/1.1"
66.249.64.21 - - [30/Apr/2018:20:53:31 +0200] "GET / HTTP/1.1" 301 185 "-" "Mozilla/5.0 (compatible; Googlebot/2.1; +http://www.google.com/bot.html)"
66.249.64.20 - - [30/Apr/2018:20:58:42 +0200] "GET / HTTP/1.1" 301 185 "-" "Mozilla/5.0 (Linux; Android 6.0.1; Nexus 5X Build/MMB29P) AppleWebKit/537.36 (KHTML, like Gecko) Chrome/41.0.2272.96 Mobile Safari/537.36 (compatible; Googlebot/2.1; +http://www.google.com/bot.html)"
66.249.70.13 - - [30/Apr/2018:21:14:02 +0200] "GET / HTTP/1.1" 301 185 "-" "Mozilla/5.0 (Linux; Android 6.0.1; Nexus 5X Build/MMB29P) AppleWebKit/537.36 (KHTML, like Gecko) Chrome/41.0.2272.96 Mobile Safari/537.36 (compatible; Googlebot/2.1; +http://www.google.com/bot.html)"
184.154.74.66 - - [30/Apr/2018:21:19:34 +0200] "GET / HTTP/1.1" 301 185 "-" "Mozilla/5.0 (Windows NT 10.0; WOW64) AppleWebKit/537.36 (KHTML, like Gecko) Chrome/66.0.3359.117 Safari/537.36"
66.249.70.5 - - [30/Apr/2018:21:34:24 +0200] "GET / HTTP/1.1" 301 185 "-" "Mozilla/5.0 (compatible; Googlebot/2.1; +http://www.google.com/bot.html)"
66.249.70.5 - - [30/Apr/2018:21:54:42 +0200] "GET / HTTP/1.1" 301 185 "-" "Mozilla/5.0 (Linux; Android 6.0.1; Nexus 5X Build/MMB29P) AppleWebKit/537.36 (KHTML, like Gecko) Chrome/41.0.2272.96 Mobile Safari/537.36 (compatible; Googlebot/2.1; +http://www.google.com/bot.html)"
163.172.4.153 - - [30/Apr/2018:22:02:38 +0200] "GET / HTTP/1.1" 301 185 "http://modeldd.com/" "Mozilla/5.0 (Macintosh; Intel Mac OS X 10_12_3) AppleWebKit/537.36 (KHTML, like Gecko) Chrome/58.0.3029.110 Safari/537.36"
66.249.64.25 - - [30/Apr/2018:22:04:42 +0200] "GET / HTTP/1.1" 403 169 "-" "Mozilla/5.0 (compatible; Googlebot/2.1; +http://www.google.com/bot.html)"
151.80.39.94 - - [30/Apr/2018:22:28:00 +0200] "GET /robots.txt HTTP/1.1" 301 185 "-" "Mozilla/5.0 (compatible; AhrefsBot/5.2; +http://ahrefs.com/robot/)"
66.249.64.216 - - [30/Apr/2018:22:40:02 +0200] "GET /robots.txt HTTP/1.1" 301 185 "-" "Mozilla/5.0 (compatible; Googlebot/2.1; +http://www.google.com/bot.html)"
66.249.64.212 - - [30/Apr/2018:22:40:02 +0200] "GET / HTTP/1.1" 301 185 "-" "Mozilla/5.0 (compatible; Googlebot/2.1; +http://www.google.com/bot.html)"
107.6.169.254 - - [30/Apr/2018:22:53:40 +0200] "GET / HTTP/1.1" 403 571 "-" "Mozilla/5.0 (Windows NT 10.0; WOW64) AppleWebKit/537.36 (KHTML, like Gecko) Chrome/66.0.3359.117 Safari/537.36"
66.249.64.216 - - [30/Apr/2018:23:00:21 +0200] "GET / HTTP/1.1" 301 185 "-" "Mozilla/5.0 (Linux; Android 6.0.1; Nexus 5X Build/MMB29P) AppleWebKit/537.36 (KHTML, like Gecko) Chrome/41.0.2272.96 Mobile Safari/537.36 (compatible; Googlebot/2.1; +http://www.google.com/bot.html)"
192.99.66.206 - - [30/Apr/2018:23:13:22 +0200] "GET / HTTP/1.1" 301 185 "-" "Mozilla/5.0 (Windows NT 10.0; WOW64) AppleWebKit/537.36 (KHTML, like Gecko) Chrome/52.0.2743.116 Safari/537.36"
192.99.66.206 - - [30/Apr/2018:23:13:33 +0200] "GET /robots.txt HTTP/1.1" 301 185 "-" "Mozilla/5.0 (Windows NT 6.1) AppleWebKit/537.36 (KHTML, like Gecko) Chrome/41.0.2228.0 Safari/537.36"
66.70.182.142 - - [30/Apr/2018:23:13:56 +0200] "GET / HTTP/1.1" 301 185 "-" "Mozilla/5.0 (Windows NT 10.0; WOW64) AppleWebKit/537.36 (KHTML, like Gecko) Chrome/52.0.2743.116 Safari/537.36"
66.70.182.142 - - [30/Apr/2018:23:14:07 +0200] "GET /robots.txt HTTP/1.1" 301 185 "-" "Mozilla/5.0 (compatible; MSIE 10.0; Windows NT 6.2; WOW64; Trident/6.0)"
66.249.64.23 - - [30/Apr/2018:23:15:33 +0200] "GET / HTTP/1.1" 403 169 "-" "Mozilla/5.0 (compatible; Googlebot/2.1; +http://www.google.com/bot.html)"
66.249.64.27 - - [30/Apr/2018:23:35:43 +0200] "GET / HTTP/1.1" 301 185 "-" "Mozilla/5.0 (compatible; Googlebot/2.1; +http://www.google.com/bot.html)"
66.249.64.26 - - [30/Apr/2018:23:45:51 +0200] "GET /robots.txt HTTP/1.1" 403 169 "-" "Mozilla/5.0 (compatible; Googlebot/2.1; +http://www.google.com/bot.html)"
66.249.64.26 - - [30/Apr/2018:23:45:51 +0200] "GET / HTTP/1.1" 403 169 "-" "Mozilla/5.0 (compatible; Googlebot/2.1; +http://www.google.com/bot.html)"
66.249.64.64 - - [01/May/2018:00:01:12 +0200] "GET /robots.txt HTTP/1.1" 301 185 "-" "Mozilla/5.0 (compatible; Googlebot/2.1; +http://www.google.com/bot.html)"
66.249.64.67 - - [01/May/2018:00:01:13 +0200] "GET / HTTP/1.1" 301 185 "-" "Mozilla/5.0 (compatible; Googlebot/2.1; +http://www.google.com/bot.html)"
66.249.64.133 - - [01/May/2018:00:11:11 +0200] "GET / HTTP/1.1" 301 185 "-" "Mozilla/5.0 (Linux; Android 6.0.1; Nexus 5X Build/MMB29P) AppleWebKit/537.36 (KHTML, like Gecko) Chrome/41.0.2272.96 Mobile Safari/537.36 (compatible; Googlebot/2.1; +http://www.google.com/bot.html)"
203.133.170.95 - - [01/May/2018:00:18:54 +0200] "GET /robots.txt HTTP/1.1" 301 185 "-" "Mozilla/5.0 (compatible; Daum/4.1; +http://cs.daum.net/faq/15/4118.html?faqId=28966)"
203.133.170.95 - - [01/May/2018:00:19:05 +0200] "GET / HTTP/1.1" 301 185 "-" "Mozilla/5.0 (Unknown; Linux x86_64) AppleWebKit/538.1 (KHTML, like Gecko) Safari/538.1 Daum/4.1"
203.133.170.95 - - [01/May/2018:00:19:10 +0200] "GET / HTTP/1.1" 301 185 "-" "Mozilla/5.0 (Unknown; Linux x86_64) AppleWebKit/538.1 (KHTML, like Gecko) Safari/538.1 Daum/4.1"
203.133.170.95 - - [01/May/2018:00:19:13 +0200] "GET / HTTP/1.1" 301 185 "-" "Mozilla/5.0 (compatible; Daum/4.1; +http://cs.daum.net/faq/15/4118.html?faqId=28966)"
192.168.99.1 - - [01/May/2018:00:20:57 +0200] "GET /experiments HTTP/1.1" 301 185 "-" "Mozilla/5.0 (X11; Linux x86_64) AppleWebKit/537.36 (KHTML, like Gecko) Chrome/66.0.3359.117 Safari/537.36"
66.249.70.8 - - [01/May/2018:00:21:38 +0200] "GET / HTTP/1.1" 403 571 "-" "Mozilla/5.0 (Linux; Android 6.0.1; Nexus 5X Build/MMB29P) AppleWebKit/537.36 (KHTML, like Gecko) Chrome/41.0.2272.96 Mobile Safari/537.36 (compatible; Googlebot/2.1; +http://www.google.com/bot.html)"
40.77.167.20 - - [01/May/2018:00:22:32 +0200] "GET / HTTP/1.1" 301 185 "-" "Mozilla/5.0 (compatible; bingbot/2.0; +http://www.bing.com/bingbot.htm)"
66.249.64.156 - - [01/May/2018:00:36:44 +0200] "GET / HTTP/1.1" 403 169 "-" "Mozilla/5.0 (compatible; Googlebot/2.1; +http://www.google.com/bot.html)"
213.37.6.218 - - [01/May/2018:00:55:30 +0200] "GET / HTTP/1.0" 444 0 "-" "Mozilla/5.0 (compatible; MSIE 9.0; Windows NT 6.1; WOW64; Trident/5.0)"
66.249.70.10 - - [01/May/2018:00:57:12 +0200] "GET / HTTP/1.1" 403 169 "-" "Mozilla/5.0 (compatible; Googlebot/2.1; +http://www.google.com/bot.html)"
66.249.64.134 - - [01/May/2018:01:02:11 +0200] "GET / HTTP/1.1" 301 185 "-" "Mozilla/5.0 (compatible; Googlebot/2.1; +http://www.google.com/bot.html)"
66.249.70.13 - - [01/May/2018:01:07:12 +0200] "GET / HTTP/1.1" 301 185 "-" "Mozilla/5.0 (compatible; Googlebot/2.1; +http://www.google.com/bot.html)"
157.88.72.1 - - [01/May/2018:01:15:25 +0200] "GET / HTTP/1.0" 444 0 "-" "-"
66.249.64.27 - - [01/May/2018:01:17:35 +0200] "GET / HTTP/1.1" 301 185 "-" "Mozilla/5.0 (Linux; Android 6.0.1; Nexus 5X Build/MMB29P) AppleWebKit/537.36 (KHTML, like Gecko) Chrome/41.0.2272.96 Mobile Safari/537.36 (compatible; Googlebot/2.1; +http://www.google.com/bot.html)"
66.249.64.82 - - [01/May/2018:01:22:40 +0200] "GET / HTTP/1.1" 301 185 "-" "Mozilla/5.0 (Linux; Android 6.0.1; Nexus 5X Build/MMB29P) AppleWebKit/537.36 (KHTML, like Gecko) Chrome/41.0.2272.96 Mobile Safari/537.36 (compatible; Googlebot/2.1; +http://www.google.com/bot.html)"
