66.249.73.73 - - [27/Apr/2018:02:29:39 +0200] "GET /springnut/resources/styles/bootstrap-responsive.css HTTP/1.1" 502 173 "http://www.springnut.org/" "Mozilla/5.0 (compatible; Googlebot/2.1; +http://www.google.com/bot.html)"
66.249.73.73 - - [27/Apr/2018:02:45:05 +0200] "GET / HTTP/1.1" 200 2292 "-" "Mozilla/5.0 (compatible; Googlebot/2.1; +http://www.google.com/bot.html)"
66.249.73.73 - - [27/Apr/2018:02:45:21 +0200] "GET /springnut/resources/styles/ui-lightTabs/jquery-ui-1.10.3.custom.css HTTP/1.1" 502 173 "http://www.springnut.org/" "Mozilla/5.0 (compatible; Googlebot/2.1; +http://www.google.com/bot.html)"
66.249.73.73 - - [27/Apr/2018:02:45:35 +0200] "GET /springnut/resources/scripts/jquery.js HTTP/1.1" 502 173 "http://www.springnut.org/" "Mozilla/5.0 (compatible; Googlebot/2.1; +http://www.google.com/bot.html)"
66.249.73.73 - - [27/Apr/2018:02:45:48 +0200] "GET /springnut/resources/scripts/bootstrap.js HTTP/1.1" 502 173 "http://www.springnut.org/" "Mozilla/5.0 (compatible; Googlebot/2.1; +http://www.google.com/bot.html)"
66.249.73.73 - - [27/Apr/2018:02:46:01 +0200] "GET /springnut/resources/styles/font-awesome.min.css HTTP/1.1" 502 173 "http://www.springnut.org/" "Mozilla/5.0 (compatible; Googlebot/2.1; +http://www.google.com/bot.html)"
66.249.79.77 - - [27/Apr/2018:06:46:27 +0200] "GET / HTTP/1.1" 200 2292 "-" "Mozilla/5.0 (Linux; Android 6.0.1; Nexus 5X Build/MMB29P) AppleWebKit/537.36 (KHTML, like Gecko) Chrome/41.0.2272.96 Mobile Safari/537.36 (compatible; Googlebot/2.1; +http://www.google.com/bot.html)"
66.249.79.75 - - [27/Apr/2018:06:46:38 +0200] "GET /springnut/resources/scripts/polyfiller.js HTTP/1.1" 502 173 "http://www.springnut.org/" "Mozilla/5.0 (compatible; Googlebot/2.1; +http://www.google.com/bot.html)"
66.249.79.73 - - [27/Apr/2018:06:46:52 +0200] "GET /springnut/resources/styles/springnut_content_styles.css HTTP/1.1" 502 173 "http://www.springnut.org/" "Mozilla/5.0 (compatible; Googlebot/2.1; +http://www.google.com/bot.html)"
66.249.79.77 - - [27/Apr/2018:06:47:05 +0200] "GET /springnut/resources/styles/bootstrap-responsive.css HTTP/1.1" 502 173 "http://www.springnut.org/" "Mozilla/5.0 (compatible; Googlebot/2.1; +http://www.google.com/bot.html)"
66.249.79.73 - - [27/Apr/2018:06:47:18 +0200] "GET /springnut/resources/styles/springnut_header_styles.css HTTP/1.1" 502 173 "http://www.springnut.org/" "Mozilla/5.0 (compatible; Googlebot/2.1; +http://www.google.com/bot.html)"
66.249.79.73 - - [27/Apr/2018:07:21:57 +0200] "GET / HTTP/1.1" 200 2292 "-" "Mozilla/5.0 (compatible; Googlebot/2.1; +http://www.google.com/bot.html)"
66.249.79.73 - - [27/Apr/2018:07:22:00 +0200] "GET /site_index_styles.css HTTP/1.1" 200 911 "http://www.springnut.org/" "Mozilla/5.0 (compatible; Googlebot/2.1; +http://www.google.com/bot.html)"
66.249.79.77 - - [27/Apr/2018:07:22:04 +0200] "GET /springnut/resources/styles/bootstrap.css HTTP/1.1" 502 173 "http://www.springnut.org/" "Mozilla/5.0 (compatible; Googlebot/2.1; +http://www.google.com/bot.html)"
66.249.79.73 - - [27/Apr/2018:07:22:17 +0200] "GET /springnut/resources/styles/springnut_menubar_styles.css HTTP/1.1" 502 173 "http://www.springnut.org/" "Mozilla/5.0 (compatible; Googlebot/2.1; +http://www.google.com/bot.html)"
66.249.79.73 - - [27/Apr/2018:07:22:30 +0200] "GET /springnut/resources/styles/springnut_header_styles.css HTTP/1.1" 502 173 "http://www.springnut.org/" "Mozilla/5.0 (compatible; Googlebot/2.1; +http://www.google.com/bot.html)"
66.249.79.73 - - [27/Apr/2018:07:22:44 +0200] "GET /springnut/resources/scripts/jquery.js HTTP/1.1" 502 173 "http://www.springnut.org/" "Mozilla/5.0 (compatible; Googlebot/2.1; +http://www.google.com/bot.html)"
66.249.79.77 - - [27/Apr/2018:11:26:18 +0200] "GET / HTTP/1.1" 200 2292 "-" "Mozilla/5.0 (Linux; Android 6.0.1; Nexus 5X Build/MMB29P) AppleWebKit/537.36 (KHTML, like Gecko) Chrome/41.0.2272.96 Mobile Safari/537.36 (compatible; Googlebot/2.1; +http://www.google.com/bot.html)"
66.249.79.73 - - [27/Apr/2018:11:26:26 +0200] "GET /springnut/resources/scripts/polyfiller.js HTTP/1.1" 502 173 "http://www.springnut.org/" "Mozilla/5.0 (compatible; Googlebot/2.1; +http://www.google.com/bot.html)"
66.249.79.73 - - [27/Apr/2018:11:26:39 +0200] "GET /springnut/resources/styles/bootstrap-responsive.css HTTP/1.1" 502 173 "http://www.springnut.org/" "Mozilla/5.0 (compatible; Googlebot/2.1; +http://www.google.com/bot.html)"
66.249.79.73 - - [27/Apr/2018:11:26:52 +0200] "GET /springnut/resources/styles/font-awesome.min.css HTTP/1.1" 502 173 "http://www.springnut.org/" "Mozilla/5.0 (compatible; Googlebot/2.1; +http://www.google.com/bot.html)"
66.249.79.73 - - [27/Apr/2018:11:27:05 +0200] "GET /springnut/resources/scripts/jquery-ui.custom.js HTTP/1.1" 502 173 "http://www.springnut.org/" "Mozilla/5.0 (compatible; Googlebot/2.1; +http://www.google.com/bot.html)"
66.249.79.73 - - [27/Apr/2018:11:41:28 +0200] "GET / HTTP/1.1" 200 2292 "-" "Mozilla/5.0 (compatible; Googlebot/2.1; +http://www.google.com/bot.html)"
66.249.79.73 - - [27/Apr/2018:11:42:28 +0200] "GET /springnut/resources/scripts/jquery-ui.custom.js HTTP/1.1" 502 173 "http://www.springnut.org/" "Mozilla/5.0 (compatible; Googlebot/2.1; +http://www.google.com/bot.html)"
66.249.79.75 - - [27/Apr/2018:11:42:42 +0200] "GET /springnut/resources/styles/springnut_features_styles.css HTTP/1.1" 502 173 "http://www.springnut.org/" "Mozilla/5.0 (compatible; Googlebot/2.1; +http://www.google.com/bot.html)"
66.249.79.73 - - [27/Apr/2018:11:42:55 +0200] "GET /springnut/resources/styles/springnut_header_styles.css HTTP/1.1" 502 173 "http://www.springnut.org/" "Mozilla/5.0 (compatible; Googlebot/2.1; +http://www.google.com/bot.html)"
66.249.79.73 - - [27/Apr/2018:11:43:08 +0200] "GET /springnut/resources/styles/springnut_content_styles.css HTTP/1.1" 502 173 "http://www.springnut.org/" "Mozilla/5.0 (compatible; Googlebot/2.1; +http://www.google.com/bot.html)"
66.249.79.75 - - [27/Apr/2018:16:46:27 +0200] "GET /robots.txt HTTP/1.1" 404 169 "-" "Mozilla/5.0 (compatible; Googlebot/2.1; +http://www.google.com/bot.html)"
66.249.79.77 - - [27/Apr/2018:16:46:27 +0200] "GET / HTTP/1.1" 200 2292 "-" "Mozilla/5.0 (Linux; Android 6.0.1; Nexus 5X Build/MMB29P) AppleWebKit/537.36 (KHTML, like Gecko) Chrome/41.0.2272.96 Mobile Safari/537.36 (compatible; Googlebot/2.1; +http://www.google.com/bot.html)"
66.249.79.77 - - [27/Apr/2018:16:47:23 +0200] "GET /springnut/resources/scripts/jquery.js HTTP/1.1" 502 173 "http://www.springnut.org/" "Mozilla/5.0 (compatible; Googlebot/2.1; +http://www.google.com/bot.html)"
66.249.79.73 - - [27/Apr/2018:16:47:36 +0200] "GET /springnut/resources/scripts/polyfiller.js HTTP/1.1" 502 173 "http://www.springnut.org/" "Mozilla/5.0 (compatible; Googlebot/2.1; +http://www.google.com/bot.html)"
66.249.79.73 - - [27/Apr/2018:16:47:49 +0200] "GET /springnut/resources/styles/ui-lightTabs/jquery-ui-1.10.3.custom.css HTTP/1.1" 502 173 "http://www.springnut.org/" "Mozilla/5.0 (compatible; Googlebot/2.1; +http://www.google.com/bot.html)"
66.249.79.73 - - [27/Apr/2018:16:48:02 +0200] "GET /springnut/resources/styles/springnut_header_styles.css HTTP/1.1" 502 173 "http://www.springnut.org/" "Mozilla/5.0 (compatible; Googlebot/2.1; +http://www.google.com/bot.html)"
66.249.79.73 - - [27/Apr/2018:17:21:48 +0200] "GET / HTTP/1.1" 200 2292 "-" "Mozilla/5.0 (compatible; Googlebot/2.1; +http://www.google.com/bot.html)"
66.249.79.75 - - [27/Apr/2018:17:22:42 +0200] "GET /springnut/resources/styles/springnut_content_styles.css HTTP/1.1" 502 173 "http://www.springnut.org/" "Mozilla/5.0 (compatible; Googlebot/2.1; +http://www.google.com/bot.html)"
66.249.79.75 - - [27/Apr/2018:17:22:56 +0200] "GET /springnut/resources/styles/springnut_features_styles.css HTTP/1.1" 502 173 "http://www.springnut.org/" "Mozilla/5.0 (compatible; Googlebot/2.1; +http://www.google.com/bot.html)"
66.249.79.75 - - [27/Apr/2018:17:23:09 +0200] "GET /springnut/resources/styles/springnut_menubar_styles.css HTTP/1.1" 502 173 "http://www.springnut.org/" "Mozilla/5.0 (compatible; Googlebot/2.1; +http://www.google.com/bot.html)"
66.249.79.73 - - [27/Apr/2018:17:23:22 +0200] "GET /springnut/resources/scripts/jquery-ui.custom.js HTTP/1.1" 502 173 "http://www.springnut.org/" "Mozilla/5.0 (compatible; Googlebot/2.1; +http://www.google.com/bot.html)"
77.106.252.31 - - [27/Apr/2018:20:16:42 +0200] "GET /js/mage/cookies.js HTTP/1.1" 404 571 "springnut.org" "Mozilla/5.0 (Windows; U; Windows NT 5.1; en-US) AppleWebKit/533.4 (KHTML, like Gecko) Chrome/5.0.375.99 Safari/533.4"
77.106.252.31 - - [27/Apr/2018:20:17:43 +0200] "GET /js/mage/cookies.js HTTP/1.1" 404 571 "springnut.org" "Mozilla/5.0 (Windows; U; Windows NT 5.1; en-US) AppleWebKit/533.4 (KHTML, like Gecko) Chrome/5.0.375.99 Safari/533.4"
66.249.79.77 - - [27/Apr/2018:21:20:17 +0200] "GET / HTTP/1.1" 200 2292 "-" "Mozilla/5.0 (Linux; Android 6.0.1; Nexus 5X Build/MMB29P) AppleWebKit/537.36 (KHTML, like Gecko) Chrome/41.0.2272.96 Mobile Safari/537.36 (compatible; Googlebot/2.1; +http://www.google.com/bot.html)"
66.249.79.73 - - [27/Apr/2018:21:20:26 +0200] "GET /springnut/resources/styles/springnut_menubar_styles.css HTTP/1.1" 502 173 "http://www.springnut.org/" "Mozilla/5.0 (compatible; Googlebot/2.1; +http://www.google.com/bot.html)"
66.249.79.73 - - [27/Apr/2018:21:20:39 +0200] "GET /springnut/resources/scripts/polyfiller.js HTTP/1.1" 502 173 "http://www.springnut.org/" "Mozilla/5.0 (compatible; Googlebot/2.1; +http://www.google.com/bot.html)"
66.249.79.73 - - [27/Apr/2018:21:20:53 +0200] "GET /springnut/resources/scripts/bootstrap.js HTTP/1.1" 502 173 "http://www.springnut.org/" "Mozilla/5.0 (compatible; Googlebot/2.1; +http://www.google.com/bot.html)"
66.249.79.77 - - [27/Apr/2018:21:21:06 +0200] "GET /springnut/resources/scripts/jquery-ui.custom.js HTTP/1.1" 502 173 "http://www.springnut.org/" "Mozilla/5.0 (compatible; Googlebot/2.1; +http://www.google.com/bot.html)"
66.249.79.75 - - [27/Apr/2018:21:51:07 +0200] "GET / HTTP/1.1" 200 2292 "-" "Mozilla/5.0 (compatible; Googlebot/2.1; +http://www.google.com/bot.html)"
66.249.79.73 - - [27/Apr/2018:21:51:57 +0200] "GET /springnut/resources/styles/bootstrap-responsive.css HTTP/1.1" 502 173 "http://www.springnut.org/" "Mozilla/5.0 (compatible; Googlebot/2.1; +http://www.google.com/bot.html)"
66.249.79.73 - - [27/Apr/2018:21:52:10 +0200] "GET /springnut/resources/styles/springnut_features_styles.css HTTP/1.1" 502 173 "http://www.springnut.org/" "Mozilla/5.0 (compatible; Googlebot/2.1; +http://www.google.com/bot.html)"
66.249.79.75 - - [27/Apr/2018:21:52:23 +0200] "GET /springnut/resources/styles/font-awesome.min.css HTTP/1.1" 502 173 "http://www.springnut.org/" "Mozilla/5.0 (compatible; Googlebot/2.1; +http://www.google.com/bot.html)"
66.249.79.73 - - [27/Apr/2018:21:52:36 +0200] "GET /springnut/resources/styles/ui-lightTabs/jquery-ui-1.10.3.custom.css HTTP/1.1" 502 173 "http://www.springnut.org/" "Mozilla/5.0 (compatible; Googlebot/2.1; +http://www.google.com/bot.html)"
40.77.167.111 - - [28/Apr/2018:02:15:18 +0200] "GET / HTTP/1.1" 200 2292 "-" "Mozilla/5.0 (compatible; bingbot/2.0; +http://www.bing.com/bingbot.htm)"
217.147.168.40 - - [28/Apr/2018:02:51:24 +0200] "GET / HTTP/1.1" 200 2292 "-" "Mozilla/5.0 (Windows; U; Windows NT 6.1; ru-RU; AppleWebKit/534.16; KHTML; like Gecko; Chrome/10.0.648.11;Safari/534.16)"
35.162.214.175 - - [28/Apr/2018:04:22:40 +0200] "GET / HTTP/1.1" 200 2292 "-" "Magic Browser"
66.249.64.31 - - [28/Apr/2018:09:45:18 +0200] "GET /robots.txt HTTP/1.1" 404 169 "-" "Mozilla/5.0 (compatible; Googlebot/2.1; +http://www.google.com/bot.html)"
66.249.64.2 - - [28/Apr/2018:09:45:21 +0200] "GET /springnut/ HTTP/1.1" 502 173 "-" "Mozilla/5.0 (compatible; Googlebot/2.1; +http://www.google.com/bot.html)"
157.55.39.150 - - [28/Apr/2018:10:24:28 +0200] "GET /robots.txt HTTP/1.1" 404 169 "-" "Mozilla/5.0 (compatible; bingbot/2.0; +http://www.bing.com/bingbot.htm)"
40.77.167.111 - - [28/Apr/2018:10:25:16 +0200] "GET / HTTP/1.1" 200 2292 "-" "Mozilla/5.0 (iPhone; CPU iPhone OS 7_0 like Mac OS X) AppleWebKit/537.51.1 (KHTML, like Gecko) Version/7.0 Mobile/11A465 Safari/9537.53 (compatible; bingbot/2.0; +http://www.bing.com/bingbot.htm)"
157.55.39.222 - - [28/Apr/2018:10:25:20 +0200] "GET /robots.txt HTTP/1.1" 404 169 "-" "Mozilla/5.0 (compatible; bingbot/2.0; +http://www.bing.com/bingbot.htm)"
157.55.39.222 - - [28/Apr/2018:10:25:21 +0200] "GET /robots.txt HTTP/1.1" 404 169 "-" "Mozilla/5.0 (compatible; bingbot/2.0; +http://www.bing.com/bingbot.htm)"
157.55.39.222 - - [28/Apr/2018:10:25:21 +0200] "GET /robots.txt HTTP/1.1" 404 169 "-" "Mozilla/5.0 (compatible; bingbot/2.0; +http://www.bing.com/bingbot.htm)"
40.77.178.130 - - [28/Apr/2018:10:25:21 +0200] "GET /springnut/resources/styles/ui-lightTabs/jquery-ui-1.10.3.custom.css HTTP/1.1" 502 173 "-" "Mozilla/5.0 (iPhone; CPU iPhone OS 7_0 like Mac OS X) AppleWebKit/537.51.1 (KHTML, like Gecko) Version/7.0 Mobile/11A465 Safari/9537.53 BingPreview/1.0b"
157.55.39.222 - - [28/Apr/2018:10:25:21 +0200] "GET /robots.txt HTTP/1.1" 404 169 "-" "Mozilla/5.0 (compatible; bingbot/2.0; +http://www.bing.com/bingbot.htm)"
40.77.179.168 - - [28/Apr/2018:10:25:24 +0200] "GET /springnut/resources/styles/bootstrap.css HTTP/1.1" 502 173 "-" "Mozilla/5.0 (iPhone; CPU iPhone OS 7_0 like Mac OS X) AppleWebKit/537.51.1 (KHTML, like Gecko) Version/7.0 Mobile/11A465 Safari/9537.53 BingPreview/1.0b"
40.77.177.58 - - [28/Apr/2018:10:25:27 +0200] "GET /springnut/resources/styles/bootstrap-responsive.css HTTP/1.1" 502 173 "-" "Mozilla/5.0 (iPhone; CPU iPhone OS 7_0 like Mac OS X) AppleWebKit/537.51.1 (KHTML, like Gecko) Version/7.0 Mobile/11A465 Safari/9537.53 BingPreview/1.0b"
40.77.179.208 - - [28/Apr/2018:10:25:27 +0200] "GET /springnut/resources/styles/font-awesome.min.css HTTP/1.1" 502 173 "-" "Mozilla/5.0 (iPhone; CPU iPhone OS 7_0 like Mac OS X) AppleWebKit/537.51.1 (KHTML, like Gecko) Version/7.0 Mobile/11A465 Safari/9537.53 BingPreview/1.0b"
40.77.178.197 - - [28/Apr/2018:10:25:30 +0200] "GET /springnut/resources/scripts/jquery.js HTTP/1.1" 502 173 "-" "Mozilla/5.0 (iPhone; CPU iPhone OS 7_0 like Mac OS X) AppleWebKit/537.51.1 (KHTML, like Gecko) Version/7.0 Mobile/11A465 Safari/9537.53 BingPreview/1.0b"
40.77.179.168 - - [28/Apr/2018:10:25:30 +0200] "GET /springnut/resources/scripts/jquery-ui.custom.js HTTP/1.1" 502 173 "-" "Mozilla/5.0 (iPhone; CPU iPhone OS 7_0 like Mac OS X) AppleWebKit/537.51.1 (KHTML, like Gecko) Version/7.0 Mobile/11A465 Safari/9537.53 BingPreview/1.0b"
40.77.177.155 - - [28/Apr/2018:10:25:36 +0200] "GET /springnut/resources/scripts/polyfiller.js HTTP/1.1" 502 173 "-" "Mozilla/5.0 (iPhone; CPU iPhone OS 7_0 like Mac OS X) AppleWebKit/537.51.1 (KHTML, like Gecko) Version/7.0 Mobile/11A465 Safari/9537.53 BingPreview/1.0b"
40.77.177.26 - - [28/Apr/2018:10:25:39 +0200] "GET /springnut/resources/styles/springnut_header_styles.css HTTP/1.1" 502 173 "-" "Mozilla/5.0 (iPhone; CPU iPhone OS 7_0 like Mac OS X) AppleWebKit/537.51.1 (KHTML, like Gecko) Version/7.0 Mobile/11A465 Safari/9537.53 BingPreview/1.0b"
40.77.179.29 - - [28/Apr/2018:10:25:39 +0200] "GET /springnut/resources/styles/springnut_menubar_styles.css HTTP/1.1" 502 173 "-" "Mozilla/5.0 (iPhone; CPU iPhone OS 7_0 like Mac OS X) AppleWebKit/537.51.1 (KHTML, like Gecko) Version/7.0 Mobile/11A465 Safari/9537.53 BingPreview/1.0b"
40.77.178.201 - - [28/Apr/2018:10:25:42 +0200] "GET /springnut/resources/styles/springnut_content_styles.css HTTP/1.1" 502 173 "-" "Mozilla/5.0 (iPhone; CPU iPhone OS 7_0 like Mac OS X) AppleWebKit/537.51.1 (KHTML, like Gecko) Version/7.0 Mobile/11A465 Safari/9537.53 BingPreview/1.0b"
40.77.179.127 - - [28/Apr/2018:10:25:42 +0200] "GET /springnut/resources/styles/springnut_features_styles.css HTTP/1.1" 502 173 "-" "Mozilla/5.0 (iPhone; CPU iPhone OS 7_0 like Mac OS X) AppleWebKit/537.51.1 (KHTML, like Gecko) Version/7.0 Mobile/11A465 Safari/9537.53 BingPreview/1.0b"
40.77.179.29 - - [28/Apr/2018:10:25:42 +0200] "GET /site_index_styles.css HTTP/1.1" 200 2281 "-" "Mozilla/5.0 (iPhone; CPU iPhone OS 7_0 like Mac OS X) AppleWebKit/537.51.1 (KHTML, like Gecko) Version/7.0 Mobile/11A465 Safari/9537.53 BingPreview/1.0b"
40.77.177.27 - - [28/Apr/2018:10:25:45 +0200] "GET /springnut/resources/images/SpringNut75.png HTTP/1.1" 502 173 "-" "Mozilla/5.0 (iPhone; CPU iPhone OS 7_0 like Mac OS X) AppleWebKit/537.51.1 (KHTML, like Gecko) Version/7.0 Mobile/11A465 Safari/9537.53 BingPreview/1.0b"
40.77.178.3 - - [28/Apr/2018:10:25:48 +0200] "GET /springnut/resources/images/MDD_logo_name_300.png HTTP/1.1" 502 173 "-" "Mozilla/5.0 (iPhone; CPU iPhone OS 7_0 like Mac OS X) AppleWebKit/537.51.1 (KHTML, like Gecko) Version/7.0 Mobile/11A465 Safari/9537.53 BingPreview/1.0b"
40.77.179.127 - - [28/Apr/2018:10:25:51 +0200] "GET /springnut/resources/images/SpringNut300transparentbg.png HTTP/1.1" 502 173 "-" "Mozilla/5.0 (iPhone; CPU iPhone OS 7_0 like Mac OS X) AppleWebKit/537.51.1 (KHTML, like Gecko) Version/7.0 Mobile/11A465 Safari/9537.53 BingPreview/1.0b"
40.77.167.111 - - [28/Apr/2018:17:14:06 +0200] "GET / HTTP/1.1" 200 2292 "-" "Mozilla/5.0 (compatible; bingbot/2.0; +http://www.bing.com/bingbot.htm)"
66.249.64.31 - - [28/Apr/2018:23:13:11 +0200] "GET /robots.txt HTTP/1.1" 404 169 "-" "Mozilla/5.0 (compatible; Googlebot/2.1; +http://www.google.com/bot.html)"
66.249.64.30 - - [28/Apr/2018:23:13:14 +0200] "GET /springnut/ HTTP/1.1" 502 173 "-" "Mozilla/5.0 (compatible; Googlebot/2.1; +http://www.google.com/bot.html)"
66.249.64.31 - - [29/Apr/2018:01:55:21 +0200] "GET /springnut/ HTTP/1.1" 502 173 "-" "Mozilla/5.0 (compatible; Googlebot/2.1; +http://www.google.com/bot.html)"
138.201.60.47 - - [29/Apr/2018:03:14:40 +0200] "GET / HTTP/1.1" 200 11334 "-" "Mozilla/5.0 (Windows; U; Windows NT 5.1; ru; rv:1.9.0.1) Gecko/2008070208"
157.55.39.150 - - [29/Apr/2018:03:34:54 +0200] "GET /robots.txt HTTP/1.1" 404 169 "-" "Mozilla/5.0 (compatible; bingbot/2.0; +http://www.bing.com/bingbot.htm)"
35.162.141.144 - - [29/Apr/2018:04:22:49 +0200] "GET / HTTP/1.1" 200 2292 "-" "Magic Browser"
40.77.167.111 - - [29/Apr/2018:04:39:31 +0200] "GET / HTTP/1.1" 200 2292 "-" "Mozilla/5.0 (compatible; bingbot/2.0; +http://www.bing.com/bingbot.htm)"
66.249.64.31 - - [29/Apr/2018:06:57:38 +0200] "GET /springnut/ HTTP/1.1" 502 173 "-" "Mozilla/5.0 (compatible; Googlebot/2.1; +http://www.google.com/bot.html)"
66.249.64.2 - - [29/Apr/2018:13:07:40 +0200] "GET /robots.txt HTTP/1.1" 404 169 "-" "Mozilla/5.0 (compatible; Googlebot/2.1; +http://www.google.com/bot.html)"
66.249.64.2 - - [29/Apr/2018:13:07:43 +0200] "GET /springnut/ HTTP/1.1" 502 173 "-" "Mozilla/5.0 (compatible; Googlebot/2.1; +http://www.google.com/bot.html)"
66.249.64.2 - - [29/Apr/2018:14:21:48 +0200] "GET /robots.txt HTTP/1.1" 404 169 "-" "Mozilla/5.0 (compatible; Googlebot/2.1; +http://www.google.com/bot.html)"
66.249.64.30 - - [29/Apr/2018:14:21:49 +0200] "GET / HTTP/1.1" 200 2292 "-" "Mozilla/5.0 (Linux; Android 6.0.1; Nexus 5X Build/MMB29P) AppleWebKit/537.36 (KHTML, like Gecko) Chrome/41.0.2272.96 Mobile Safari/537.36 (compatible; Googlebot/2.1; +http://www.google.com/bot.html)"
66.249.64.31 - - [29/Apr/2018:14:22:00 +0200] "GET /springnut/resources/styles/springnut_header_styles.css HTTP/1.1" 502 173 "http://www.springnut.org/" "Mozilla/5.0 (compatible; Googlebot/2.1; +http://www.google.com/bot.html)"
66.249.64.30 - - [29/Apr/2018:14:22:13 +0200] "GET /springnut/resources/scripts/polyfiller.js HTTP/1.1" 502 173 "http://www.springnut.org/" "Mozilla/5.0 (compatible; Googlebot/2.1; +http://www.google.com/bot.html)"
66.249.64.30 - - [29/Apr/2018:14:22:26 +0200] "GET /springnut/resources/styles/springnut_features_styles.css HTTP/1.1" 502 173 "http://www.springnut.org/" "Mozilla/5.0 (compatible; Googlebot/2.1; +http://www.google.com/bot.html)"
66.249.64.30 - - [29/Apr/2018:14:22:39 +0200] "GET /springnut/resources/styles/springnut_menubar_styles.css HTTP/1.1" 502 173 "http://www.springnut.org/" "Mozilla/5.0 (compatible; Googlebot/2.1; +http://www.google.com/bot.html)"
54.67.59.131 - - [29/Apr/2018:14:30:35 +0200] "GET / HTTP/1.1" 200 2292 "-" "Mozilla/5.0 (Macintosh; Intel Mac OS X 10_12_6) AppleWebKit/537.36 (KHTML, like Gecko) Chrome/61.0.3163.100 Safari/537.36"
66.249.64.31 - - [29/Apr/2018:19:01:56 +0200] "GET / HTTP/1.1" 200 2292 "-" "Mozilla/5.0 (compatible; Googlebot/2.1; +http://www.google.com/bot.html)"
66.249.64.2 - - [29/Apr/2018:19:02:16 +0200] "GET /springnut/resources/scripts/jquery-ui.custom.js HTTP/1.1" 502 173 "http://www.springnut.org/" "Mozilla/5.0 (compatible; Googlebot/2.1; +http://www.google.com/bot.html)"
66.249.64.31 - - [29/Apr/2018:19:02:29 +0200] "GET /springnut/resources/styles/springnut_menubar_styles.css HTTP/1.1" 502 173 "http://www.springnut.org/" "Mozilla/5.0 (compatible; Googlebot/2.1; +http://www.google.com/bot.html)"
66.249.64.30 - - [29/Apr/2018:19:02:43 +0200] "GET /springnut/resources/styles/font-awesome.min.css HTTP/1.1" 502 173 "http://www.springnut.org/" "Mozilla/5.0 (compatible; Googlebot/2.1; +http://www.google.com/bot.html)"
66.249.64.30 - - [29/Apr/2018:19:02:56 +0200] "GET /springnut/resources/styles/springnut_features_styles.css HTTP/1.1" 502 173 "http://www.springnut.org/" "Mozilla/5.0 (compatible; Googlebot/2.1; +http://www.google.com/bot.html)"
66.249.64.30 - - [29/Apr/2018:19:22:26 +0200] "GET / HTTP/1.1" 200 2292 "-" "Mozilla/5.0 (Linux; Android 6.0.1; Nexus 5X Build/MMB29P) AppleWebKit/537.36 (KHTML, like Gecko) Chrome/41.0.2272.96 Mobile Safari/537.36 (compatible; Googlebot/2.1; +http://www.google.com/bot.html)"
66.249.64.30 - - [29/Apr/2018:19:22:30 +0200] "GET /springnut/resources/styles/springnut_header_styles.css HTTP/1.1" 502 173 "http://www.springnut.org/" "Mozilla/5.0 (compatible; Googlebot/2.1; +http://www.google.com/bot.html)"
66.249.64.31 - - [29/Apr/2018:19:22:44 +0200] "GET /springnut/resources/styles/springnut_features_styles.css HTTP/1.1" 502 173 "http://www.springnut.org/" "Mozilla/5.0 (compatible; Googlebot/2.1; +http://www.google.com/bot.html)"
66.249.64.30 - - [29/Apr/2018:19:22:57 +0200] "GET /springnut/resources/scripts/polyfiller.js HTTP/1.1" 502 173 "http://www.springnut.org/" "Mozilla/5.0 (compatible; Googlebot/2.1; +http://www.google.com/bot.html)"
66.249.64.30 - - [29/Apr/2018:19:23:10 +0200] "GET /springnut/resources/styles/ui-lightTabs/jquery-ui-1.10.3.custom.css HTTP/1.1" 502 173 "http://www.springnut.org/" "Mozilla/5.0 (compatible; Googlebot/2.1; +http://www.google.com/bot.html)"
207.46.13.61 - - [29/Apr/2018:22:41:13 +0200] "GET / HTTP/1.1" 200 2292 "-" "Mozilla/5.0 (compatible; bingbot/2.0; +http://www.bing.com/bingbot.htm)"
66.249.64.30 - - [30/Apr/2018:01:39:16 +0200] "GET /robots.txt HTTP/1.1" 404 169 "-" "Mozilla/5.0 (compatible; Googlebot/2.1; +http://www.google.com/bot.html)"
66.249.64.2 - - [30/Apr/2018:01:39:16 +0200] "GET / HTTP/1.1" 200 2292 "-" "Mozilla/5.0 (compatible; Googlebot/2.1; +http://www.google.com/bot.html)"
66.249.64.31 - - [30/Apr/2018:01:40:38 +0200] "GET /springnut/resources/styles/springnut_content_styles.css HTTP/1.1" 502 173 "http://www.springnut.org/" "Mozilla/5.0 (compatible; Googlebot/2.1; +http://www.google.com/bot.html)"
66.249.64.31 - - [30/Apr/2018:01:40:51 +0200] "GET /springnut/resources/scripts/jquery-ui.custom.js HTTP/1.1" 502 173 "http://www.springnut.org/" "Mozilla/5.0 (compatible; Googlebot/2.1; +http://www.google.com/bot.html)"
66.249.64.2 - - [30/Apr/2018:01:41:04 +0200] "GET /springnut/resources/styles/bootstrap.css HTTP/1.1" 502 173 "http://www.springnut.org/" "Mozilla/5.0 (compatible; Googlebot/2.1; +http://www.google.com/bot.html)"
66.249.64.30 - - [30/Apr/2018:01:41:18 +0200] "GET /springnut/resources/styles/bootstrap-responsive.css HTTP/1.1" 502 173 "http://www.springnut.org/" "Mozilla/5.0 (compatible; Googlebot/2.1; +http://www.google.com/bot.html)"
66.249.64.31 - - [30/Apr/2018:01:49:17 +0200] "GET / HTTP/1.1" 200 2292 "-" "Mozilla/5.0 (Linux; Android 6.0.1; Nexus 5X Build/MMB29P) AppleWebKit/537.36 (KHTML, like Gecko) Chrome/41.0.2272.96 Mobile Safari/537.36 (compatible; Googlebot/2.1; +http://www.google.com/bot.html)"
66.249.64.30 - - [30/Apr/2018:01:49:34 +0200] "GET /springnut/resources/styles/springnut_header_styles.css HTTP/1.1" 502 173 "http://www.springnut.org/" "Mozilla/5.0 (compatible; Googlebot/2.1; +http://www.google.com/bot.html)"
66.249.64.30 - - [30/Apr/2018:01:49:47 +0200] "GET /springnut/resources/styles/springnut_content_styles.css HTTP/1.1" 502 173 "http://www.springnut.org/" "Mozilla/5.0 (compatible; Googlebot/2.1; +http://www.google.com/bot.html)"
66.249.64.30 - - [30/Apr/2018:01:50:01 +0200] "GET /springnut/resources/scripts/polyfiller.js HTTP/1.1" 502 173 "http://www.springnut.org/" "Mozilla/5.0 (compatible; Googlebot/2.1; +http://www.google.com/bot.html)"
66.249.64.30 - - [30/Apr/2018:01:50:14 +0200] "GET /springnut/resources/scripts/bootstrap.js HTTP/1.1" 502 173 "http://www.springnut.org/" "Mozilla/5.0 (compatible; Googlebot/2.1; +http://www.google.com/bot.html)"
35.162.141.144 - - [30/Apr/2018:03:53:09 +0200] "GET / HTTP/1.1" 200 2292 "-" "Magic Browser"
66.249.64.2 - - [30/Apr/2018:06:33:55 +0200] "GET /robots.txt HTTP/1.1" 404 169 "-" "Mozilla/5.0 (compatible; Googlebot/2.1; +http://www.google.com/bot.html)"
66.249.64.31 - - [30/Apr/2018:06:33:56 +0200] "GET / HTTP/1.1" 200 2292 "-" "Mozilla/5.0 (compatible; Googlebot/2.1; +http://www.google.com/bot.html)"
66.249.64.2 - - [30/Apr/2018:06:34:01 +0200] "GET /springnut/resources/scripts/bootstrap.js HTTP/1.1" 502 173 "http://www.springnut.org/" "Mozilla/5.0 (compatible; Googlebot/2.1; +http://www.google.com/bot.html)"
66.249.64.31 - - [30/Apr/2018:06:34:14 +0200] "GET /springnut/resources/styles/bootstrap.css HTTP/1.1" 502 173 "http://www.springnut.org/" "Mozilla/5.0 (compatible; Googlebot/2.1; +http://www.google.com/bot.html)"
66.249.64.30 - - [30/Apr/2018:06:34:27 +0200] "GET /springnut/resources/styles/springnut_menubar_styles.css HTTP/1.1" 502 173 "http://www.springnut.org/" "Mozilla/5.0 (compatible; Googlebot/2.1; +http://www.google.com/bot.html)"
66.249.64.30 - - [30/Apr/2018:06:34:40 +0200] "GET /springnut/resources/styles/bootstrap-responsive.css HTTP/1.1" 502 173 "http://www.springnut.org/" "Mozilla/5.0 (compatible; Googlebot/2.1; +http://www.google.com/bot.html)"
66.249.64.30 - - [30/Apr/2018:06:38:56 +0200] "GET / HTTP/1.1" 200 2292 "-" "Mozilla/5.0 (Linux; Android 6.0.1; Nexus 5X Build/MMB29P) AppleWebKit/537.36 (KHTML, like Gecko) Chrome/41.0.2272.96 Mobile Safari/537.36 (compatible; Googlebot/2.1; +http://www.google.com/bot.html)"
66.249.64.2 - - [30/Apr/2018:06:39:07 +0200] "GET /springnut/resources/styles/springnut_menubar_styles.css HTTP/1.1" 502 173 "http://www.springnut.org/" "Mozilla/5.0 (compatible; Googlebot/2.1; +http://www.google.com/bot.html)"
66.249.64.30 - - [30/Apr/2018:06:39:20 +0200] "GET /springnut/resources/styles/springnut_header_styles.css HTTP/1.1" 502 173 "http://www.springnut.org/" "Mozilla/5.0 (compatible; Googlebot/2.1; +http://www.google.com/bot.html)"
66.249.64.30 - - [30/Apr/2018:06:39:33 +0200] "GET /springnut/resources/styles/springnut_features_styles.css HTTP/1.1" 502 173 "http://www.springnut.org/" "Mozilla/5.0 (compatible; Googlebot/2.1; +http://www.google.com/bot.html)"
66.249.64.30 - - [30/Apr/2018:06:39:46 +0200] "GET /springnut/resources/styles/bootstrap.css HTTP/1.1" 502 173 "http://www.springnut.org/" "Mozilla/5.0 (compatible; Googlebot/2.1; +http://www.google.com/bot.html)"
157.55.39.50 - - [30/Apr/2018:10:35:45 +0200] "GET /robots.txt HTTP/1.1" 404 169 "-" "Mozilla/5.0 (compatible; bingbot/2.0; +http://www.bing.com/bingbot.htm)"
207.46.13.134 - - [30/Apr/2018:10:35:50 +0200] "GET / HTTP/1.1" 200 2292 "-" "Mozilla/5.0 (iPhone; CPU iPhone OS 7_0 like Mac OS X) AppleWebKit/537.51.1 (KHTML, like Gecko) Version/7.0 Mobile/11A465 Safari/9537.53 (compatible; bingbot/2.0; +http://www.bing.com/bingbot.htm)"
93.180.64.230 - - [30/Apr/2018:11:47:49 +0200] "GET /robots.txt HTTP/1.1" 404 169 "-" "Mozilla/5.0 (compatible; Plukkie/1.6; http://www.botje.com/plukkie.htm)"
93.180.64.230 - - [30/Apr/2018:11:47:49 +0200] "GET / HTTP/1.1" 200 2292 "-" "Mozilla/5.0 (compatible; Plukkie/1.6; http://www.botje.com/plukkie.htm)"
66.249.64.30 - - [30/Apr/2018:12:39:16 +0200] "GET / HTTP/1.1" 200 2292 "-" "Mozilla/5.0 (compatible; Googlebot/2.1; +http://www.google.com/bot.html)"
66.249.64.31 - - [30/Apr/2018:12:39:36 +0200] "GET /site_index_styles.css HTTP/1.1" 200 911 "http://www.springnut.org/" "Mozilla/5.0 (compatible; Googlebot/2.1; +http://www.google.com/bot.html)"
66.249.64.30 - - [30/Apr/2018:12:39:40 +0200] "GET /springnut/resources/styles/bootstrap.css HTTP/1.1" 502 173 "http://www.springnut.org/" "Mozilla/5.0 (compatible; Googlebot/2.1; +http://www.google.com/bot.html)"
66.249.64.30 - - [30/Apr/2018:12:39:53 +0200] "GET /springnut/resources/scripts/jquery.js HTTP/1.1" 502 173 "http://www.springnut.org/" "Mozilla/5.0 (compatible; Googlebot/2.1; +http://www.google.com/bot.html)"
66.249.64.2 - - [30/Apr/2018:12:40:06 +0200] "GET /springnut/resources/scripts/jquery-ui.custom.js HTTP/1.1" 502 173 "http://www.springnut.org/" "Mozilla/5.0 (compatible; Googlebot/2.1; +http://www.google.com/bot.html)"
66.249.64.30 - - [30/Apr/2018:12:40:19 +0200] "GET /springnut/resources/styles/springnut_content_styles.css HTTP/1.1" 502 173 "http://www.springnut.org/" "Mozilla/5.0 (compatible; Googlebot/2.1; +http://www.google.com/bot.html)"
66.249.64.2 - - [30/Apr/2018:13:04:56 +0200] "GET / HTTP/1.1" 200 2292 "-" "Mozilla/5.0 (Linux; Android 6.0.1; Nexus 5X Build/MMB29P) AppleWebKit/537.36 (KHTML, like Gecko) Chrome/41.0.2272.96 Mobile Safari/537.36 (compatible; Googlebot/2.1; +http://www.google.com/bot.html)"
66.249.64.31 - - [30/Apr/2018:13:05:01 +0200] "GET /springnut/resources/scripts/jquery-ui.custom.js HTTP/1.1" 502 173 "http://www.springnut.org/" "Mozilla/5.0 (compatible; Googlebot/2.1; +http://www.google.com/bot.html)"
66.249.64.30 - - [30/Apr/2018:13:05:15 +0200] "GET /springnut/resources/styles/font-awesome.min.css HTTP/1.1" 502 173 "http://www.springnut.org/" "Mozilla/5.0 (compatible; Googlebot/2.1; +http://www.google.com/bot.html)"
66.249.64.30 - - [30/Apr/2018:13:05:28 +0200] "GET /springnut/resources/styles/springnut_content_styles.css HTTP/1.1" 502 173 "http://www.springnut.org/" "Mozilla/5.0 (compatible; Googlebot/2.1; +http://www.google.com/bot.html)"
66.249.64.30 - - [30/Apr/2018:13:05:41 +0200] "GET /springnut/resources/scripts/bootstrap.js HTTP/1.1" 502 173 "http://www.springnut.org/" "Mozilla/5.0 (compatible; Googlebot/2.1; +http://www.google.com/bot.html)"
207.46.13.134 - - [30/Apr/2018:13:51:53 +0200] "GET / HTTP/1.1" 200 2292 "-" "Mozilla/5.0 (compatible; bingbot/2.0; +http://www.bing.com/bingbot.htm)"
66.249.64.31 - - [30/Apr/2018:18:06:10 +0200] "GET /robots.txt HTTP/1.1" 404 169 "-" "Mozilla/5.0 (compatible; Googlebot/2.1; +http://www.google.com/bot.html)"
66.249.64.2 - - [30/Apr/2018:18:06:10 +0200] "GET / HTTP/1.1" 200 2292 "-" "Mozilla/5.0 (compatible; Googlebot/2.1; +http://www.google.com/bot.html)"
66.249.64.31 - - [30/Apr/2018:18:09:05 +0200] "GET /springnut/resources/styles/springnut_menubar_styles.css HTTP/1.1" 502 173 "http://www.springnut.org/" "Mozilla/5.0 (compatible; Googlebot/2.1; +http://www.google.com/bot.html)"
66.249.64.31 - - [30/Apr/2018:18:09:18 +0200] "GET /springnut/resources/styles/springnut_content_styles.css HTTP/1.1" 502 173 "http://www.springnut.org/" "Mozilla/5.0 (compatible; Googlebot/2.1; +http://www.google.com/bot.html)"
66.249.64.30 - - [30/Apr/2018:18:09:31 +0200] "GET /springnut/resources/scripts/bootstrap.js HTTP/1.1" 502 173 "http://www.springnut.org/" "Mozilla/5.0 (compatible; Googlebot/2.1; +http://www.google.com/bot.html)"
66.249.64.30 - - [30/Apr/2018:18:09:45 +0200] "GET /springnut/resources/styles/springnut_features_styles.css HTTP/1.1" 502 173 "http://www.springnut.org/" "Mozilla/5.0 (compatible; Googlebot/2.1; +http://www.google.com/bot.html)"
66.249.64.2 - - [30/Apr/2018:18:16:06 +0200] "GET / HTTP/1.1" 200 2292 "-" "Mozilla/5.0 (Linux; Android 6.0.1; Nexus 5X Build/MMB29P) AppleWebKit/537.36 (KHTML, like Gecko) Chrome/41.0.2272.96 Mobile Safari/537.36 (compatible; Googlebot/2.1; +http://www.google.com/bot.html)"
66.249.64.31 - - [30/Apr/2018:18:16:19 +0200] "GET /springnut/resources/scripts/jquery.js HTTP/1.1" 502 173 "http://www.springnut.org/" "Mozilla/5.0 (compatible; Googlebot/2.1; +http://www.google.com/bot.html)"
66.249.64.30 - - [30/Apr/2018:18:16:33 +0200] "GET /springnut/resources/styles/bootstrap-responsive.css HTTP/1.1" 502 173 "http://www.springnut.org/" "Mozilla/5.0 (compatible; Googlebot/2.1; +http://www.google.com/bot.html)"
66.249.64.30 - - [30/Apr/2018:18:16:46 +0200] "GET /springnut/resources/styles/springnut_features_styles.css HTTP/1.1" 502 173 "http://www.springnut.org/" "Mozilla/5.0 (compatible; Googlebot/2.1; +http://www.google.com/bot.html)"
66.249.64.30 - - [30/Apr/2018:18:16:59 +0200] "GET /springnut/resources/styles/bootstrap.css HTTP/1.1" 502 173 "http://www.springnut.org/" "Mozilla/5.0 (compatible; Googlebot/2.1; +http://www.google.com/bot.html)"
66.249.64.2 - - [30/Apr/2018:22:40:02 +0200] "GET /robots.txt HTTP/1.1" 404 169 "-" "Mozilla/5.0 (compatible; Googlebot/2.1; +http://www.google.com/bot.html)"
66.249.64.31 - - [30/Apr/2018:22:40:03 +0200] "GET / HTTP/1.1" 200 2292 "-" "Mozilla/5.0 (compatible; Googlebot/2.1; +http://www.google.com/bot.html)"
66.249.64.30 - - [30/Apr/2018:22:41:57 +0200] "GET /springnut/resources/styles/bootstrap-responsive.css HTTP/1.1" 502 173 "http://www.springnut.org/" "Mozilla/5.0 (compatible; Googlebot/2.1; +http://www.google.com/bot.html)"
66.249.64.2 - - [30/Apr/2018:22:42:10 +0200] "GET /springnut/resources/styles/bootstrap.css HTTP/1.1" 502 173 "http://www.springnut.org/" "Mozilla/5.0 (compatible; Googlebot/2.1; +http://www.google.com/bot.html)"
66.249.64.31 - - [30/Apr/2018:22:42:23 +0200] "GET /springnut/resources/styles/springnut_features_styles.css HTTP/1.1" 502 173 "http://www.springnut.org/" "Mozilla/5.0 (compatible; Googlebot/2.1; +http://www.google.com/bot.html)"
66.249.64.30 - - [30/Apr/2018:22:42:36 +0200] "GET /springnut/resources/styles/springnut_header_styles.css HTTP/1.1" 502 173 "http://www.springnut.org/" "Mozilla/5.0 (compatible; Googlebot/2.1; +http://www.google.com/bot.html)"
66.249.64.31 - - [30/Apr/2018:23:00:22 +0200] "GET / HTTP/1.1" 200 2292 "-" "Mozilla/5.0 (Linux; Android 6.0.1; Nexus 5X Build/MMB29P) AppleWebKit/537.36 (KHTML, like Gecko) Chrome/41.0.2272.96 Mobile Safari/537.36 (compatible; Googlebot/2.1; +http://www.google.com/bot.html)"
66.249.64.31 - - [30/Apr/2018:23:00:32 +0200] "GET /springnut/resources/styles/font-awesome.min.css HTTP/1.1" 502 173 "http://www.springnut.org/" "Mozilla/5.0 (compatible; Googlebot/2.1; +http://www.google.com/bot.html)"
66.249.64.30 - - [30/Apr/2018:23:00:45 +0200] "GET /springnut/resources/scripts/bootstrap.js HTTP/1.1" 502 173 "http://www.springnut.org/" "Mozilla/5.0 (compatible; Googlebot/2.1; +http://www.google.com/bot.html)"
66.249.64.30 - - [30/Apr/2018:23:00:58 +0200] "GET /springnut/resources/styles/ui-lightTabs/jquery-ui-1.10.3.custom.css HTTP/1.1" 502 173 "http://www.springnut.org/" "Mozilla/5.0 (compatible; Googlebot/2.1; +http://www.google.com/bot.html)"
66.249.64.2 - - [30/Apr/2018:23:01:11 +0200] "GET /springnut/resources/scripts/jquery.js HTTP/1.1" 502 173 "http://www.springnut.org/" "Mozilla/5.0 (compatible; Googlebot/2.1; +http://www.google.com/bot.html)"
207.46.13.44 - - [01/May/2018:01:29:46 +0200] "GET / HTTP/1.1" 200 2292 "-" "Mozilla/5.0 (compatible; bingbot/2.0; +http://www.bing.com/bingbot.htm)"
165.227.179.209 - - [01/May/2018:03:06:17 +0200] "GET /robots.txt HTTP/1.1" 404 169 "-" "Mozilla/5.0 (compatible; spbot/5.0.3; +http://OpenLinkProfiler.org/bot )"
165.227.179.209 - - [01/May/2018:03:06:17 +0200] "GET /robots.txt HTTP/1.1" 404 169 "-" "Mozilla/5.0 (compatible; spbot/5.0.3; +http://OpenLinkProfiler.org/bot )"
165.227.179.209 - - [01/May/2018:03:06:22 +0200] "GET / HTTP/1.1" 200 2292 "-" "Mozilla/5.0 (compatible; spbot/5.0.3; +http://OpenLinkProfiler.org/bot )"
165.227.179.209 - - [01/May/2018:03:06:26 +0200] "GET /springnut/ HTTP/1.1" 502 173 "http://www.springnut.org/" "Mozilla/5.0 (compatible; spbot/5.0.3; +http://OpenLinkProfiler.org/bot )"
35.162.214.175 - - [01/May/2018:04:05:55 +0200] "GET / HTTP/1.1" 200 2292 "-" "Magic Browser"
207.46.13.197 - - [01/May/2018:15:04:08 +0200] "GET /robots.txt HTTP/1.1" 404 169 "-" "Mozilla/5.0 (compatible; bingbot/2.0; +http://www.bing.com/bingbot.htm)"
207.46.13.105 - - [01/May/2018:16:12:11 +0200] "GET / HTTP/1.1" 200 2292 "-" "Mozilla/5.0 (compatible; bingbot/2.0; +http://www.bing.com/bingbot.htm)"
46.229.168.85 - - [01/May/2018:16:48:15 +0200] "GET /robots.txt HTTP/1.1" 404 169 "-" "Mozilla/5.0 (compatible; SemrushBot/1.2~bl; +http://www.semrush.com/bot.html)"
166.62.126.3 - - [01/May/2018:20:45:40 +0200] "GET / HTTP/1.1" 200 2292 "-" "Mozilla/5.0 (Macintosh; Intel Mac OS X 10_10_2) AppleWebKit/537.36 (KHTML, like Gecho) Chrome/51.0.2704.84 Safari/537.36"
207.46.13.105 - - [01/May/2018:21:18:57 +0200] "GET / HTTP/1.1" 200 2292 "-" "Mozilla/5.0 (iPhone; CPU iPhone OS 7_0 like Mac OS X) AppleWebKit/537.51.1 (KHTML, like Gecko) Version/7.0 Mobile/11A465 Safari/9537.53 (compatible; bingbot/2.0; +http://www.bing.com/bingbot.htm)"
40.77.188.198 - - [01/May/2018:21:19:01 +0200] "GET /springnut/resources/styles/ui-lightTabs/jquery-ui-1.10.3.custom.css HTTP/1.1" 502 173 "http://www.springnut.org/" "Mozilla/5.0 (iPhone; CPU iPhone OS 7_0 like Mac OS X) AppleWebKit/537.51.1 (KHTML, like Gecko) Version/7.0 Mobile/11A465 Safari/9537.53 BingPreview/1.0b"
40.77.188.198 - - [01/May/2018:21:19:01 +0200] "GET /springnut/resources/styles/bootstrap.css HTTP/1.1" 502 173 "http://www.springnut.org/" "Mozilla/5.0 (iPhone; CPU iPhone OS 7_0 like Mac OS X) AppleWebKit/537.51.1 (KHTML, like Gecko) Version/7.0 Mobile/11A465 Safari/9537.53 BingPreview/1.0b"
40.77.188.198 - - [01/May/2018:21:19:01 +0200] "GET /springnut/resources/styles/bootstrap-responsive.css HTTP/1.1" 502 173 "http://www.springnut.org/" "Mozilla/5.0 (iPhone; CPU iPhone OS 7_0 like Mac OS X) AppleWebKit/537.51.1 (KHTML, like Gecko) Version/7.0 Mobile/11A465 Safari/9537.53 BingPreview/1.0b"
40.77.188.198 - - [01/May/2018:21:19:01 +0200] "GET /springnut/resources/styles/font-awesome.min.css HTTP/1.1" 502 173 "http://www.springnut.org/" "Mozilla/5.0 (iPhone; CPU iPhone OS 7_0 like Mac OS X) AppleWebKit/537.51.1 (KHTML, like Gecko) Version/7.0 Mobile/11A465 Safari/9537.53 BingPreview/1.0b"
207.46.13.108 - - [01/May/2018:21:19:04 +0200] "GET /robots.txt HTTP/1.1" 404 169 "-" "Mozilla/5.0 (compatible; bingbot/2.0; +http://www.bing.com/bingbot.htm)"
40.77.188.198 - - [01/May/2018:21:19:04 +0200] "GET /springnut/resources/scripts/jquery.js HTTP/1.1" 502 173 "http://www.springnut.org/" "Mozilla/5.0 (iPhone; CPU iPhone OS 7_0 like Mac OS X) AppleWebKit/537.51.1 (KHTML, like Gecko) Version/7.0 Mobile/11A465 Safari/9537.53 BingPreview/1.0b"
207.46.13.108 - - [01/May/2018:21:19:04 +0200] "GET /robots.txt HTTP/1.1" 404 169 "-" "Mozilla/5.0 (compatible; bingbot/2.0; +http://www.bing.com/bingbot.htm)"
40.77.188.198 - - [01/May/2018:21:19:07 +0200] "GET /springnut/resources/scripts/jquery-ui.custom.js HTTP/1.1" 502 173 "http://www.springnut.org/" "Mozilla/5.0 (iPhone; CPU iPhone OS 7_0 like Mac OS X) AppleWebKit/537.51.1 (KHTML, like Gecko) Version/7.0 Mobile/11A465 Safari/9537.53 BingPreview/1.0b"
40.77.188.198 - - [01/May/2018:21:19:10 +0200] "GET /springnut/resources/scripts/bootstrap.js HTTP/1.1" 502 173 "http://www.springnut.org/" "Mozilla/5.0 (iPhone; CPU iPhone OS 7_0 like Mac OS X) AppleWebKit/537.51.1 (KHTML, like Gecko) Version/7.0 Mobile/11A465 Safari/9537.53 BingPreview/1.0b"
40.77.188.198 - - [01/May/2018:21:19:13 +0200] "GET /springnut/resources/scripts/polyfiller.js HTTP/1.1" 502 173 "http://www.springnut.org/" "Mozilla/5.0 (iPhone; CPU iPhone OS 7_0 like Mac OS X) AppleWebKit/537.51.1 (KHTML, like Gecko) Version/7.0 Mobile/11A465 Safari/9537.53 BingPreview/1.0b"
40.77.188.198 - - [01/May/2018:21:19:16 +0200] "GET /springnut/resources/styles/springnut_menubar_styles.css HTTP/1.1" 502 173 "http://www.springnut.org/" "Mozilla/5.0 (iPhone; CPU iPhone OS 7_0 like Mac OS X) AppleWebKit/537.51.1 (KHTML, like Gecko) Version/7.0 Mobile/11A465 Safari/9537.53 BingPreview/1.0b"
40.77.188.198 - - [01/May/2018:21:19:16 +0200] "GET /springnut/resources/styles/springnut_header_styles.css HTTP/1.1" 502 173 "http://www.springnut.org/" "Mozilla/5.0 (iPhone; CPU iPhone OS 7_0 like Mac OS X) AppleWebKit/537.51.1 (KHTML, like Gecko) Version/7.0 Mobile/11A465 Safari/9537.53 BingPreview/1.0b"
40.77.188.198 - - [01/May/2018:21:19:16 +0200] "GET /springnut/resources/styles/springnut_features_styles.css HTTP/1.1" 502 173 "http://www.springnut.org/" "Mozilla/5.0 (iPhone; CPU iPhone OS 7_0 like Mac OS X) AppleWebKit/537.51.1 (KHTML, like Gecko) Version/7.0 Mobile/11A465 Safari/9537.53 BingPreview/1.0b"
40.77.188.198 - - [01/May/2018:21:19:16 +0200] "GET /springnut/resources/styles/springnut_content_styles.css HTTP/1.1" 502 173 "http://www.springnut.org/" "Mozilla/5.0 (iPhone; CPU iPhone OS 7_0 like Mac OS X) AppleWebKit/537.51.1 (KHTML, like Gecko) Version/7.0 Mobile/11A465 Safari/9537.53 BingPreview/1.0b"
40.77.188.198 - - [01/May/2018:21:19:16 +0200] "GET /site_index_styles.css HTTP/1.1" 200 911 "http://www.springnut.org/" "Mozilla/5.0 (iPhone; CPU iPhone OS 7_0 like Mac OS X) AppleWebKit/537.51.1 (KHTML, like Gecko) Version/7.0 Mobile/11A465 Safari/9537.53 BingPreview/1.0b"
40.77.188.198 - - [01/May/2018:21:19:19 +0200] "GET /springnut/resources/images/SpringNut75.png HTTP/1.1" 502 173 "http://www.springnut.org/" "Mozilla/5.0 (iPhone; CPU iPhone OS 7_0 like Mac OS X) AppleWebKit/537.51.1 (KHTML, like Gecko) Version/7.0 Mobile/11A465 Safari/9537.53 BingPreview/1.0b"
40.77.188.198 - - [01/May/2018:21:19:19 +0200] "GET /springnut/resources/images/MDD_logo_name_300.png HTTP/1.1" 502 173 "http://www.springnut.org/" "Mozilla/5.0 (iPhone; CPU iPhone OS 7_0 like Mac OS X) AppleWebKit/537.51.1 (KHTML, like Gecko) Version/7.0 Mobile/11A465 Safari/9537.53 BingPreview/1.0b"
40.77.188.198 - - [01/May/2018:21:19:19 +0200] "GET /springnut/resources/images/SpringNut300transparentbg.png HTTP/1.1" 502 173 "http://www.springnut.org/" "Mozilla/5.0 (iPhone; CPU iPhone OS 7_0 like Mac OS X) AppleWebKit/537.51.1 (KHTML, like Gecko) Version/7.0 Mobile/11A465 Safari/9537.53 BingPreview/1.0b"
157.55.39.142 - - [02/May/2018:03:42:03 +0200] "GET / HTTP/1.1" 200 2292 "-" "Mozilla/5.0 (compatible; bingbot/2.0; +http://www.bing.com/bingbot.htm)"
52.37.211.217 - - [02/May/2018:04:59:55 +0200] "GET / HTTP/1.1" 200 2292 "-" "Magic Browser"
167.99.180.42 - - [02/May/2018:13:44:07 +0200] "HEAD / HTTP/1.1" 200 0 "-" "Mozilla/5.0 (Windows NT 6.1; WOW64) AppleWebKit/537.36 (KHTML, like Gecko) Chrome/27.0.1453.93 Safari/537.36"
167.99.180.42 - - [02/May/2018:13:44:07 +0200] "HEAD / HTTP/1.1" 200 0 "-" "Mozilla/5.0 (Windows NT 6.1; WOW64) AppleWebKit/537.36 (KHTML, like Gecko) Chrome/29.0.1547.62 Safari/537.36"
54.67.59.131 - - [02/May/2018:13:56:59 +0200] "GET / HTTP/1.1" 200 2292 "-" "Mozilla/5.0 (Macintosh; Intel Mac OS X 10_12_6) AppleWebKit/537.36 (KHTML, like Gecko) Chrome/61.0.3163.100 Safari/537.36"
66.249.66.158 - - [02/May/2018:14:04:38 +0200] "GET /robots.txt HTTP/1.1" 404 169 "-" "Mozilla/5.0 (compatible; Googlebot/2.1; +http://www.google.com/bot.html)"
66.249.66.157 - - [02/May/2018:14:04:38 +0200] "GET / HTTP/1.1" 200 2292 "-" "Mozilla/5.0 (compatible; Googlebot/2.1; +http://www.google.com/bot.html)"
66.249.66.157 - - [02/May/2018:14:04:39 +0200] "GET / HTTP/1.1" 200 2292 "-" "Mozilla/5.0 (compatible; Googlebot/2.1; +http://www.google.com/bot.html)"
66.249.66.157 - - [02/May/2018:14:04:49 +0200] "GET /springnut/resources/styles/springnut_content_styles.css HTTP/1.1" 502 173 "http://www.springnut.org/" "Mozilla/5.0 (compatible; Googlebot/2.1; +http://www.google.com/bot.html)"
66.249.66.157 - - [02/May/2018:14:05:02 +0200] "GET /springnut/resources/scripts/bootstrap.js HTTP/1.1" 502 173 "http://www.springnut.org/" "Mozilla/5.0 (compatible; Googlebot/2.1; +http://www.google.com/bot.html)"
66.249.66.157 - - [02/May/2018:14:05:15 +0200] "GET /springnut/resources/styles/font-awesome.min.css HTTP/1.1" 502 173 "http://www.springnut.org/" "Mozilla/5.0 (compatible; Googlebot/2.1; +http://www.google.com/bot.html)"
192.168.69.82 - - [03/May/2018:00:53:55 +0200] "GET / HTTP/1.1" 200 2292 "-" "Mozilla/5.0 (X11; Linux x86_64) AppleWebKit/537.36 (KHTML, like Gecko) Chrome/66.0.3359.139 Safari/537.36"
192.168.69.82 - - [03/May/2018:00:53:55 +0200] "GET /springnut/resources/styles/bootstrap-responsive.css HTTP/1.1" 200 4598 "http://www.springnut.org/" "Mozilla/5.0 (X11; Linux x86_64) AppleWebKit/537.36 (KHTML, like Gecko) Chrome/66.0.3359.139 Safari/537.36"
192.168.69.82 - - [03/May/2018:00:53:55 +0200] "GET /springnut/resources/styles/font-awesome.min.css HTTP/1.1" 200 4545 "http://www.springnut.org/" "Mozilla/5.0 (X11; Linux x86_64) AppleWebKit/537.36 (KHTML, like Gecko) Chrome/66.0.3359.139 Safari/537.36"
192.168.69.82 - - [03/May/2018:00:53:55 +0200] "GET /springnut/resources/styles/bootstrap.css HTTP/1.1" 200 24050 "http://www.springnut.org/" "Mozilla/5.0 (X11; Linux x86_64) AppleWebKit/537.36 (KHTML, like Gecko) Chrome/66.0.3359.139 Safari/537.36"
192.168.69.82 - - [03/May/2018:00:53:55 +0200] "GET /springnut/resources/scripts/jquery-ui.custom.js HTTP/1.1" 200 113374 "http://www.springnut.org/" "Mozilla/5.0 (X11; Linux x86_64) AppleWebKit/537.36 (KHTML, like Gecko) Chrome/66.0.3359.139 Safari/537.36"
192.168.69.82 - - [03/May/2018:00:53:55 +0200] "GET /springnut/resources/scripts/jquery.js HTTP/1.1" 200 83875 "http://www.springnut.org/" "Mozilla/5.0 (X11; Linux x86_64) AppleWebKit/537.36 (KHTML, like Gecko) Chrome/66.0.3359.139 Safari/537.36"
192.168.69.82 - - [03/May/2018:00:53:55 +0200] "GET /springnut/resources/styles/ui-lightTabs/jquery-ui-1.10.3.custom.css HTTP/1.1" 200 6570 "http://www.springnut.org/" "Mozilla/5.0 (X11; Linux x86_64) AppleWebKit/537.36 (KHTML, like Gecko) Chrome/66.0.3359.139 Safari/537.36"
192.168.69.82 - - [03/May/2018:00:53:55 +0200] "GET /site_index_styles.css HTTP/1.1" 200 911 "http://www.springnut.org/" "Mozilla/5.0 (X11; Linux x86_64) AppleWebKit/537.36 (KHTML, like Gecko) Chrome/66.0.3359.139 Safari/537.36"
192.168.69.82 - - [03/May/2018:00:53:55 +0200] "GET /springnut/resources/styles/springnut_menubar_styles.css HTTP/1.1" 200 827 "http://www.springnut.org/" "Mozilla/5.0 (X11; Linux x86_64) AppleWebKit/537.36 (KHTML, like Gecko) Chrome/66.0.3359.139 Safari/537.36"
192.168.69.82 - - [03/May/2018:00:53:55 +0200] "GET /springnut/resources/scripts/polyfiller.js HTTP/1.1" 200 6455 "http://www.springnut.org/" "Mozilla/5.0 (X11; Linux x86_64) AppleWebKit/537.36 (KHTML, like Gecko) Chrome/66.0.3359.139 Safari/537.36"
192.168.69.82 - - [03/May/2018:00:53:55 +0200] "GET /springnut/resources/styles/springnut_features_styles.css HTTP/1.1" 200 880 "http://www.springnut.org/" "Mozilla/5.0 (X11; Linux x86_64) AppleWebKit/537.36 (KHTML, like Gecko) Chrome/66.0.3359.139 Safari/537.36"
192.168.69.82 - - [03/May/2018:00:53:55 +0200] "GET /springnut/resources/styles/springnut_header_styles.css HTTP/1.1" 200 1005 "http://www.springnut.org/" "Mozilla/5.0 (X11; Linux x86_64) AppleWebKit/537.36 (KHTML, like Gecko) Chrome/66.0.3359.139 Safari/537.36"
192.168.69.82 - - [03/May/2018:00:53:55 +0200] "GET /springnut/resources/styles/springnut_content_styles.css HTTP/1.1" 200 766 "http://www.springnut.org/" "Mozilla/5.0 (X11; Linux x86_64) AppleWebKit/537.36 (KHTML, like Gecko) Chrome/66.0.3359.139 Safari/537.36"
192.168.69.82 - - [03/May/2018:00:53:55 +0200] "GET /springnut/resources/scripts/bootstrap.js HTTP/1.1" 200 9645 "http://www.springnut.org/" "Mozilla/5.0 (X11; Linux x86_64) AppleWebKit/537.36 (KHTML, like Gecko) Chrome/66.0.3359.139 Safari/537.36"
192.168.69.82 - - [03/May/2018:00:53:55 +0200] "GET /springnut/resources/images/SpringNut75.png HTTP/1.1" 200 31767 "http://www.springnut.org/" "Mozilla/5.0 (X11; Linux x86_64) AppleWebKit/537.36 (KHTML, like Gecko) Chrome/66.0.3359.139 Safari/537.36"
192.168.69.82 - - [03/May/2018:00:53:56 +0200] "GET /springnut/resources/scripts/shims/styles/shim.css HTTP/1.1" 200 3027 "http://www.springnut.org/" "Mozilla/5.0 (X11; Linux x86_64) AppleWebKit/537.36 (KHTML, like Gecko) Chrome/66.0.3359.139 Safari/537.36"
192.168.69.82 - - [03/May/2018:00:53:56 +0200] "GET /springnut/resources/scripts/shims/form-core.js HTTP/1.1" 200 2171 "http://www.springnut.org/" "Mozilla/5.0 (X11; Linux x86_64) AppleWebKit/537.36 (KHTML, like Gecko) Chrome/66.0.3359.139 Safari/537.36"
192.168.69.82 - - [03/May/2018:00:53:56 +0200] "GET /springnut/resources/images/MDD_logo_name_300.png HTTP/1.1" 200 28834 "http://www.springnut.org/" "Mozilla/5.0 (X11; Linux x86_64) AppleWebKit/537.36 (KHTML, like Gecko) Chrome/66.0.3359.139 Safari/537.36"
192.168.69.82 - - [03/May/2018:00:53:56 +0200] "GET /springnut/resources/images/SpringNut300transparentbg.png HTTP/1.1" 200 68632 "http://www.springnut.org/" "Mozilla/5.0 (X11; Linux x86_64) AppleWebKit/537.36 (KHTML, like Gecko) Chrome/66.0.3359.139 Safari/537.36"
192.168.69.82 - - [03/May/2018:00:53:56 +0200] "GET /favicon.ico HTTP/1.1" 404 571 "http://www.springnut.org/" "Mozilla/5.0 (X11; Linux x86_64) AppleWebKit/537.36 (KHTML, like Gecko) Chrome/66.0.3359.139 Safari/537.36"
192.168.69.82 - - [03/May/2018:00:53:56 +0200] "GET /springnut/resources/scripts/shims/form-validation.js HTTP/1.1" 200 6462 "http://www.springnut.org/" "Mozilla/5.0 (X11; Linux x86_64) AppleWebKit/537.36 (KHTML, like Gecko) Chrome/66.0.3359.139 Safari/537.36"
192.168.69.82 - - [03/May/2018:00:53:57 +0200] "GET /springnut/ HTTP/1.1" 302 0 "http://www.springnut.org/" "Mozilla/5.0 (X11; Linux x86_64) AppleWebKit/537.36 (KHTML, like Gecko) Chrome/66.0.3359.139 Safari/537.36"
